Microchip MPLAB XC8 Compiler V3.00

Linker command line:

-W-3 \
  --edf=C:\Program Files\Microchip\xc8\v3.00\pic\dat\20241204225717_en.msgs \
  -cn -h+dist/default/debug\dani2c3.X.debug.sym \
  --cmf=dist/default/debug\dani2c3.X.debug.cmf -z -Q18F26Q10 \
  -oC:\Users\dnbud\AppData\Local\Temp\xcAsb2s.\driver_tmp_3.o \
  --defsym=__MPLAB_BUILD=1 --fixupoverflow=error \
  -Mdist/default/debug/dani2c3.X.debug.map \
  --md=C:\Users\dnbud\AppData\Local\Temp\xcAsb2s.\driver_tmp_0.dat -E1 \
  -ver=XC8 Compiler -ACODE=00h-0FFFFh -ACONST=00h-0FFFFh \
  -ASMALLCONST=01000h-010FFhx240 -AMEDIUMCONST=01000h-0FFFFh \
  -ACOMRAM=01h-05Fh -AABS1=00h-0CFFh,0E00h-0E1Eh \
  -ABIGRAM=01h-0CFFh,0E00h-0E1Eh -ARAM=060h-0FFh,0100h-01FFhx12,0E00h-0E1Eh \
  -ABANK0=060h-0FFh -ABANK1=0100h-01FFh -ABANK2=0200h-02FFh \
  -ABANK3=0300h-03FFh -ABANK4=0400h-04FFh -ABANK5=0500h-05FFh \
  -ABANK6=0600h-06FFh -ABANK7=0700h-07FFh -ABANK8=0800h-08FFh \
  -ABANK9=0900h-09FFh -ABANK10=0A00h-0AFFh -ABANK11=0B00h-0BFFh \
  -ABANK12=0C00h-0CFFh -ABANK14=0E00h-0E1Eh \
  -ASFR=0D00h-0DFFh,0E1Fh-0EFFh,0F00h-0F5Fh,0F60h-0FFFh \
  -ABIGSFR=0D00h-0DFFh,0E1Fh-0FFFh -ACONFIG=0300000h-030000Bh \
  -AIDLOC=0200000h-02000FFh -AEEDATA=0310000h-03103FFh -peeprom_data=EEDATA \
  -preset_vec=00h,intcode=8h,intcodelo=18h,sivt_lo,sivt_hi=CODE \
  -ppowerup=CODE,init -pramtop=01000h -psmallconst=SMALLCONST \
  -pmediumconst=MEDIUMCONST -pconst=CONST -AFARRAM=00h-00h \
  -prdata=COMRAM,nvrram=COMRAM,nvbit=COMRAM,rbss=COMRAM,rbit=COMRAM \
  -pfarbss=FARRAM,fardata=FARRAM,nvFARRAM=FARRAM \
  -pintsave_regs=BIGRAM,bigbss=BIGRAM,bigdata=BIGRAM -pbss=RAM \
  -pidata=CODE,irdata=CODE,ibigdata=CODE,ifardata=CODE -prparam=COMRAM \
  C:\Users\dnbud\AppData\Local\Temp\xcAsb2s.\driver_tmp_9.o \
  dist/default/debug\dani2c3.X.debug.o 

Object code version is 3.11

Machine type is 18F26Q10



                Name                               Link     Load   Length Selector   Space Scale
C:\Users\dnbud\AppData\Local\Temp\xcAsb2s.\driver_tmp_9.o
                config                           300000   300000        C        0       4
                init                               FFFC     FFFC        4     7FFE       0
                reset_vec                             0        0        6        0       0
dist/default/debug\dani2c3.X.debug.o
                config                           300000   300000        C        0       4
                smallconst                         1000     1000       22      800       0
                text58                             18E8     18E8        6      811       0
                text57                             190A     190A        4      811       0
                text56                             18E2     18E2        6      811       0
                text55                             168C     168C       2A      811       0
                text54                             1906     1906        4      811       0
                text53                             1902     1902        4      811       0
                text52                             18FE     18FE        4      811       0
                text51                             1766     1766       1E      811       0
                text50                             1532     1532       58      811       0
                text49                             17C8     17C8       14      811       0
                text48                             1722     1722       24      811       0
                text47                             18FA     18FA        4      811       0
                text46                             18F6     18F6        4      811       0
                text45                             16FE     16FE       24      811       0
                text44                             16DA     16DA       24      811       0
                text43                             16B6     16B6       24      811       0
                text42                             1658     1658       34      811       0
                text41                             18F2     18F2        4      811       0
                text40                             18DC     18DC        6      811       0
                text39                             18EE     18EE        4      811       0
                text38                             18D6     18D6        6      811       0
                text37                             18C8     18C8        8      811       0
                text36                             17B4     17B4       14      811       0
                text35                             18D0     18D0        6      811       0
                text34                             12BA     12BA       76      811       0
                text33                             18C0     18C0        8      811       0
                text32                             1842     1842        E      811       0
                text31                             1834     1834        E      811       0
                text30                             1164     1164       BA      811       0
                text29                             121E     121E       9C      811       0
                text28                             186E     186E        A      811       0
                text27                             18B8     18B8        8      811       0
                text26                             18B0     18B0        8      811       0
                text25                             18A8     18A8        8      811       0
                text24                             18A0     18A0        8      811       0
                text23                             1898     1898        8      811       0
                text22                             1890     1890        8      811       0
                text21                             1888     1888        8      811       0
                text20                             1880     1880        8      811       0
                text19                             14D2     14D2       60      811       0
                text18                             146C     146C       66      811       0
                text17                             1812     1812       12      811       0
                text16                             1784     1784       1C      811       0
                text15                             15DE     15DE       40      811       0
                text14                             1878     1878        8      811       0
                text13                             1746     1746       20      811       0
                text12                             1330     1330       6C      811       0
                text11                             17A0     17A0       14      811       0
                text10                             139C     139C       6A      811       0
                text9                              1406     1406       66      811       0
                text8                              1864     1864        A      811       0
                text7                              185A     185A        A      811       0
                text6                              1850     1850        A      811       0
                text5                              161E     161E       3A      811       0
                text4                              1800     1800       12      811       0
                text3                              158A     158A       54      811       0
                text2                              1824     1824       10      811       0
                text1                              17EE     17EE       12      811       0
                text0                              1022     1022      142      811       0
                cstackCOMRAM                         30       30        D        1       1
                bssCOMRAM                             1        1       2F        1       1
                cinit                              17DC     17DC       12      811       0
                nvCOMRAM                             3D       3D        6        1       1

TOTAL           Name                               Link     Load   Length     Space
        CLASS   CODE           
                init                               FFFC     FFFC        4         0
                reset_vec                             0        0        6         0
                text58                             18E8     18E8        6         0
                text57                             190A     190A        4         0
                text56                             18E2     18E2        6         0
                text55                             168C     168C       2A         0
                text54                             1906     1906        4         0
                text53                             1902     1902        4         0
                text52                             18FE     18FE        4         0
                text51                             1766     1766       1E         0
                text50                             1532     1532       58         0
                text49                             17C8     17C8       14         0
                text48                             1722     1722       24         0
                text47                             18FA     18FA        4         0
                text46                             18F6     18F6        4         0
                text45                             16FE     16FE       24         0
                text44                             16DA     16DA       24         0
                text43                             16B6     16B6       24         0
                text42                             1658     1658       34         0
                text41                             18F2     18F2        4         0
                text40                             18DC     18DC        6         0
                text39                             18EE     18EE        4         0
                text38                             18D6     18D6        6         0
                text37                             18C8     18C8        8         0
                text36                             17B4     17B4       14         0
                text35                             18D0     18D0        6         0
                text34                             12BA     12BA       76         0
                text33                             18C0     18C0        8         0
                text32                             1842     1842        E         0
                text31                             1834     1834        E         0
                text30                             1164     1164       BA         0
                text29                             121E     121E       9C         0
                text28                             186E     186E        A         0
                text27                             18B8     18B8        8         0
                text26                             18B0     18B0        8         0
                text25                             18A8     18A8        8         0
                text24                             18A0     18A0        8         0
                text23                             1898     1898        8         0
                text22                             1890     1890        8         0
                text21                             1888     1888        8         0
                text20                             1880     1880        8         0
                text19                             14D2     14D2       60         0
                text18                             146C     146C       66         0
                text17                             1812     1812       12         0
                text16                             1784     1784       1C         0
                text15                             15DE     15DE       40         0
                text14                             1878     1878        8         0
                text13                             1746     1746       20         0
                text12                             1330     1330       6C         0
                text11                             17A0     17A0       14         0
                text10                             139C     139C       6A         0
                text9                              1406     1406       66         0
                text8                              1864     1864        A         0
                text7                              185A     185A        A         0
                text6                              1850     1850        A         0
                text5                              161E     161E       3A         0
                text4                              1800     1800       12         0
                text3                              158A     158A       54         0
                text2                              1824     1824       10         0
                text1                              17EE     17EE       12         0
                text0                              1022     1022      142         0
                cinit                              17DC     17DC       12         0

        CLASS   CONST          

        CLASS   SMALLCONST     
                smallconst                         1000     1000       22         0

        CLASS   MEDIUMCONST    

        CLASS   COMRAM         
                cstackCOMRAM                         30       30        D         1
                bssCOMRAM                             1        1       2F         1
                nvCOMRAM                             3D       3D        6         1

        CLASS   ABS1           

        CLASS   BIGRAM         

        CLASS   RAM            

        CLASS   BANK0          

        CLASS   BANK1          

        CLASS   BANK2          

        CLASS   BANK3          

        CLASS   BANK4          

        CLASS   BANK5          

        CLASS   BANK6          

        CLASS   BANK7          

        CLASS   BANK8          

        CLASS   BANK9          

        CLASS   BANK10         

        CLASS   BANK11         

        CLASS   BANK12         

        CLASS   BANK14         

        CLASS   SFR            

        CLASS   BIGSFR         

        CLASS   CONFIG         
                config                           300000   300000        C         4

        CLASS   IDLOC          

        CLASS   EEDATA         

        CLASS   FARRAM         

        CLASS   HEAP           

        CLASS   STACK          



SEGMENTS        Name                           Load    Length   Top    Selector   Space  Class

                reset_vec                      000000  000006  000006         0       0  CODE    
                bssCOMRAM                      000001  000042  000043         1       1  COMRAM  
                smallconst                     001000  000022  001022       800       0  SMALLCON
                text0                          001022  0008EC  00190E       811       0  CODE    
                init                           00FFFC  000004  010000      7FFE       0  CODE    


UNUSED ADDRESS RANGES

        Name                Unused          Largest block    Delta
        BANK0            000060-0000FF               A0
        BANK1            000100-0001FF              100
        BANK10           000A00-000AFF              100
        BANK11           000B00-000BFF              100
        BANK12           000C00-000CFF              100
        BANK14           000E00-000E1E               1F
        BANK2            000200-0002FF              100
        BANK3            000300-0003FF              100
        BANK4            000400-0004FF              100
        BANK5            000500-0005FF              100
        BANK6            000600-0006FF              100
        BANK7            000700-0007FF              100
        BANK8            000800-0008FF              100
        BANK9            000900-0009FF              100
        BIGRAM           000043-000CFF              CBD
                         000E00-000E1E               1F
        BIGSFR           000D00-000DFF              100
                         000E1F-000FFF              1E1
        CODE             000006-000FFF              FFA
                         00190E-00FFFB             E6EE
        COMRAM           000043-00005F               1D
        CONST            000006-000FFF              FFA
                         00190E-00FFFB             E6EE
        EEDATA           310000-3103FF              400
        IDLOC            200000-2000FF              100
        MEDIUMCONST      00190E-00FFFB             E6EE
        RAM              000060-000CFF              100
                         000E00-000E1E               1F
        SFR              000D00-000DFF              100
                         000E1F-000FFF               E1
        SMALLCONST       00190E-00FFFB              100

                                  Symbol Table

EUSART1_SetErrorHandler@interruptHandler        cstackCOMRAM 000030
EUSART1_SetFramingErrorHandler@interruptHandler cstackCOMRAM 000030
EUSART1_SetOverrunErrorHandler@interruptHandler cstackCOMRAM 000030
I2C1_Close@returnValue                          cstackCOMRAM 000030
I2C1_MasterOperation@read                       cstackCOMRAM 000036
I2C1_MasterOperation@returnValue                cstackCOMRAM 000037
I2C1_MasterSendTxData@data                      cstackCOMRAM 000030
I2C1_Open@address                               cstackCOMRAM 000030
I2C1_Open@returnValue                           cstackCOMRAM 000031
I2C1_Read1ByteRegister@address                  cstackCOMRAM 000039
I2C1_Read1ByteRegister@reg                      cstackCOMRAM 000038
I2C1_Read1ByteRegister@returnValue              cstackCOMRAM 00003A
I2C1_SetAddressNackCallback@cb                  cstackCOMRAM 000034
I2C1_SetAddressNackCallback@ptr                 cstackCOMRAM 000036
I2C1_SetBuffer@buffer                           cstackCOMRAM 000030
I2C1_SetBuffer@bufferSize                       cstackCOMRAM 000031
I2C1_SetCallback@cb                             cstackCOMRAM 000030
I2C1_SetCallback@idx                            cstackCOMRAM 000033
I2C1_SetCallback@ptr                            cstackCOMRAM 000032
I2C1_SetDataCompleteCallback@cb                 cstackCOMRAM 000034
I2C1_SetDataCompleteCallback@ptr                cstackCOMRAM 000036
I2C1_Write1ByteRegister@address                 cstackCOMRAM 00003A
I2C1_Write1ByteRegister@data                    cstackCOMRAM 000039
I2C1_Write1ByteRegister@reg                     cstackCOMRAM 000038
_ANSELA                                         (abs)        000F0C
_ANSELB                                         (abs)        000F14
_ANSELC                                         (abs)        000F1C
_BAUD1CON                                       (abs)        000F9E
_EUSART1_DefaultErrorHandler                    (abs)        000000
_EUSART1_DefaultFramingErrorHandler             (abs)        000000
_EUSART1_DefaultOverrunErrorHandler             (abs)        000000
_EUSART1_ErrorHandler                           nvCOMRAM     00003D
_EUSART1_FramingErrorHandler                    nvCOMRAM     000041
_EUSART1_Initialize                             text5        00161E
_EUSART1_OverrunErrorHandler                    nvCOMRAM     00003F
_EUSART1_SetErrorHandler                        text8        001864
_EUSART1_SetFramingErrorHandler                 text7        00185A
_EUSART1_SetOverrunErrorHandler                 text6        001850
_FilterPresence                                 bssCOMRAM    00001E
_I2C1_CallbackReturnReset                       text46       0018F6
_I2C1_CallbackReturnStop                        text47       0018FA
_I2C1_Close                                     text55       00168C
_I2C1_DO_ADDRESS_NACK                           text19       0014D2
_I2C1_DO_IDLE                                   text33       0018C0
_I2C1_DO_RCEN                                   text28       00186E
_I2C1_DO_RESET                                  text20       001880
_I2C1_DO_RX                                     text29       00121E
_I2C1_DO_RX_ACK                                 text23       001898
_I2C1_DO_RX_NACK_RESTART                        text21       001888
_I2C1_DO_RX_NACK_STOP                           text22       001890
_I2C1_DO_SEND_ADR_READ                          text32       001842
_I2C1_DO_SEND_ADR_WRITE                         text31       001834
_I2C1_DO_SEND_RESTART                           text25       0018A8
_I2C1_DO_SEND_RESTART_READ                      text27       0018B8
_I2C1_DO_SEND_RESTART_WRITE                     text26       0018B0
_I2C1_DO_SEND_STOP                              text24       0018A0
_I2C1_DO_TX                                     text30       001164
_I2C1_DO_TX_EMPTY                               text34       0012BA
_I2C1_MasterClearIrq                            text58       0018E8
_I2C1_MasterClose                               text57       00190A
_I2C1_MasterDisableIrq                          text56       0018E2
_I2C1_MasterEnableRestart                       text53       001902
_I2C1_MasterFsm                                 text18       00146C
_I2C1_MasterGetRxData                           text39       0018EE
_I2C1_MasterIsNack                              text36       0017B4
_I2C1_MasterOpen                                text13       001746
_I2C1_MasterOperation                           text15       0015DE
_I2C1_MasterSendAck                             text38       0018D6
_I2C1_MasterSendNack                            text40       0018DC
_I2C1_MasterSendTxData                          text37       0018C8
_I2C1_MasterSetIrq                              text35       0018D0
_I2C1_MasterStart                               text54       001906
_I2C1_MasterStartRx                             text41       0018F2
_I2C1_MasterStop                                text52       0018FE
_I2C1_MasterWaitForEvent                        text17       001812
_I2C1_MasterWrite                               text14       001878
_I2C1_Open                                      text12       001330
_I2C1_Poller                                    text16       001784
_I2C1_Read1ByteRegister                         text10       00139C
_I2C1_SetAddressNackCallback                    text11       0017A0
_I2C1_SetBuffer                                 text51       001766
_I2C1_SetCallback                               text50       001532
_I2C1_SetDataCompleteCallback                   text49       0017C8
_I2C1_Status                                    bssCOMRAM    000001
_I2C1_Write1ByteRegister                        text9        001406
_INLVLA                                         (abs)        000F08
_INLVLB                                         (abs)        000F10
_INLVLC                                         (abs)        000F18
_INLVLE                                         (abs)        000F25
_LATA                                           (abs)        000F82
_LATAbits                                       (abs)        000F82
_LATB                                           (abs)        000F83
_LATC                                           (abs)        000F84
_ODCONA                                         (abs)        000F0A
_ODCONB                                         (abs)        000F12
_ODCONC                                         (abs)        000F1A
_OSCCON1                                        (abs)        000ED3
_OSCCON3                                        (abs)        000ED5
_OSCEN                                          (abs)        000ED7
_OSCFRQ                                         (abs)        000ED9
_OSCILLATOR_Initialize                          text4        001800
_OSCTUNE                                        (abs)        000ED8
_PIE3bits                                       (abs)        000EC0
_PIN_MANAGER_Initialize                         text3        00158A
_PIR3bits                                       (abs)        000EC8
_PMD0                                           (abs)        000EDC
_PMD1                                           (abs)        000EDD
_PMD2                                           (abs)        000EDE
_PMD3                                           (abs)        000EDF
_PMD4                                           (abs)        000EE0
_PMD5                                           (abs)        000EE1
_PMD_Initialize                                 text2        001824
_Presence                                       bssCOMRAM    000022
_RC1REG                                         (abs)        000F98
_RC1STA                                         (abs)        000F9C
_RC1STAbits                                     (abs)        000F9C
_RC3PPS                                         (abs)        000EF5
_RC4PPS                                         (abs)        000EF6
_RC6PPS                                         (abs)        000EF8
_RX1PPS                                         (abs)        000EB0
_RX_I2C_A1                                      bssCOMRAM    00002A
_RX_I2C_A2                                      bssCOMRAM    000029
_RX_I2C_FS                                      bssCOMRAM    000024
_RX_I2C_L1                                      bssCOMRAM    000026
_RX_I2C_L2                                      bssCOMRAM    000025
_RX_I2C_M1                                      bssCOMRAM    000028
_RX_I2C_M2                                      bssCOMRAM    000027
_RX_I2C_P1                                      bssCOMRAM    00002C
_RX_I2C_P2                                      bssCOMRAM    00002B
_RX_I2C_Ready                                   bssCOMRAM    00002D
_RXvalue                                        bssCOMRAM    00002E
_SLRCONA                                        (abs)        000F09
_SLRCONB                                        (abs)        000F11
_SLRCONC                                        (abs)        000F19
_SP1BRGH                                        (abs)        000F9B
_SP1BRGL                                        (abs)        000F9A
_SSP1ADD                                        (abs)        000F92
_SSP1BUF                                        (abs)        000F91
_SSP1CON1                                       (abs)        000F95
_SSP1CON1bits                                   (abs)        000F95
_SSP1CON2                                       (abs)        000F96
_SSP1CON2bits                                   (abs)        000F96
_SSP1STAT                                       (abs)        000F94
_SSP1STATbits                                   (abs)        000F94
_SSPCLKPPS                                      (abs)        000EB2
_SSPDATPPS                                      (abs)        000EB3
_SYSTEM_Initialize                              text1        0017EE
_TRISA                                          (abs)        000F87
_TRISB                                          (abs)        000F88
_TRISC                                          (abs)        000F89
_TX1REG                                         (abs)        000F99
_TX1STA                                         (abs)        000F9D
_TX1STAbits                                     (abs)        000F9D
_WPUA                                           (abs)        000F0B
_WPUB                                           (abs)        000F13
_WPUC                                           (abs)        000F1B
_WPUE                                           (abs)        000F28
__HRAM                                          (abs)        000000
__H__absolute__                                 __absolute__ 000000
__Habs1                                         abs1         000000
__Hbank0                                        bank0        000000
__Hbank1                                        bank1        000000
__Hbank10                                       bank10       000000
__Hbank11                                       bank11       000000
__Hbank12                                       bank12       000000
__Hbank14                                       bank14       000000
__Hbank2                                        bank2        000000
__Hbank3                                        bank3        000000
__Hbank4                                        bank4        000000
__Hbank5                                        bank5        000000
__Hbank6                                        bank6        000000
__Hbank7                                        bank7        000000
__Hbank8                                        bank8        000000
__Hbank9                                        bank9        000000
__Hbigbss                                       bigbss       000000
__Hbigdata                                      bigdata      000000
__Hbigram                                       bigram       000000
__Hbigsfr                                       bigsfr       000000
__Hbss                                          bss          000000
__HbssCOMRAM                                    bssCOMRAM    000000
__Hcinit                                        cinit        000000
__Hclrtext                                      clrtext      000000
__Hcomram                                       comram       000000
__Hconfig                                       config       30000C
__Hconst                                        const        000000
__HcstackCOMRAM                                 cstackCOMRAM 000000
__Hdata                                         data         000000
__Heeprom_data                                  eeprom_data  000000
__Hfarbss                                       farbss       000000
__Hfardata                                      fardata      000000
__Hheap                                         heap         000000
__Hibigdata                                     ibigdata     000000
__Hidata                                        idata        000000
__Hidloc                                        idloc        000000
__Hifardata                                     ifardata     000000
__Hinit                                         init         010000
__Hintcode                                      intcode      000008
__Hintcode_body                                 intcode_body 000000
__Hintcodelo                                    intcodelo    000018
__Hintentry                                     intentry     000000
__Hintret                                       intret       000000
__Hintsave_regs                                 intsave_regs 000000
__Hirdata                                       irdata       000000
__Hmediumconst                                  mediumconst  000000
__HnvCOMRAM                                     nvCOMRAM     000000
__HnvFARRAM                                     nvFARRAM     000000
__Hnvbit                                        nvbit        000000
__Hnvrram                                       nvrram       000000
__Hparam                                        rparam       000000
__Hpowerup                                      powerup      000000
__Hram                                          ram          000000
__Hramtop                                       ramtop       001000
__Hrbit                                         rbit         000000
__Hrbss                                         rbss         000000
__Hrdata                                        rdata        000000
__Hreset_vec                                    reset_vec    000006
__Hrparam                                       rparam       000000
__Hsfr                                          sfr          000000
__Hsivt_hi                                      sivt_hi      000000
__Hsivt_lo                                      sivt_lo      000018
__Hsmallconst                                   smallconst   001022
__Hspace_0                                      (abs)        010000
__Hspace_1                                      (abs)        000043
__Hspace_2                                      (abs)        000000
__Hspace_4                                      (abs)        60000C
__Hstack                                        stack        000000
__Hstruct                                       struct       000000
__Htemp                                         temp         000000
__Htext                                         text         000000
__Htext0                                        text0        000000
__Htext1                                        text1        000000
__Htext10                                       text10       000000
__Htext11                                       text11       000000
__Htext12                                       text12       000000
__Htext13                                       text13       000000
__Htext14                                       text14       000000
__Htext15                                       text15       000000
__Htext16                                       text16       000000
__Htext17                                       text17       000000
__Htext18                                       text18       000000
__Htext19                                       text19       000000
__Htext2                                        text2        000000
__Htext20                                       text20       000000
__Htext21                                       text21       000000
__Htext22                                       text22       000000
__Htext23                                       text23       000000
__Htext24                                       text24       000000
__Htext25                                       text25       000000
__Htext26                                       text26       000000
__Htext27                                       text27       000000
__Htext28                                       text28       000000
__Htext29                                       text29       000000
__Htext3                                        text3        000000
__Htext30                                       text30       000000
__Htext31                                       text31       000000
__Htext32                                       text32       000000
__Htext33                                       text33       000000
__Htext34                                       text34       000000
__Htext35                                       text35       000000
__Htext36                                       text36       000000
__Htext37                                       text37       000000
__Htext38                                       text38       000000
__Htext39                                       text39       000000
__Htext4                                        text4        000000
__Htext40                                       text40       000000
__Htext41                                       text41       000000
__Htext42                                       text42       000000
__Htext43                                       text43       000000
__Htext44                                       text44       000000
__Htext45                                       text45       000000
__Htext46                                       text46       000000
__Htext47                                       text47       000000
__Htext48                                       text48       000000
__Htext49                                       text49       000000
__Htext5                                        text5        000000
__Htext50                                       text50       000000
__Htext51                                       text51       000000
__Htext52                                       text52       000000
__Htext53                                       text53       000000
__Htext54                                       text54       000000
__Htext55                                       text55       000000
__Htext56                                       text56       000000
__Htext57                                       text57       000000
__Htext58                                       text58       000000
__Htext6                                        text6        000000
__Htext7                                        text7        000000
__Htext8                                        text8        000000
__Htext9                                        text9        000000
__LRAM                                          (abs)        000001
__L__absolute__                                 __absolute__ 000000
__Labs1                                         abs1         000000
__Lbank0                                        bank0        000000
__Lbank1                                        bank1        000000
__Lbank10                                       bank10       000000
__Lbank11                                       bank11       000000
__Lbank12                                       bank12       000000
__Lbank14                                       bank14       000000
__Lbank2                                        bank2        000000
__Lbank3                                        bank3        000000
__Lbank4                                        bank4        000000
__Lbank5                                        bank5        000000
__Lbank6                                        bank6        000000
__Lbank7                                        bank7        000000
__Lbank8                                        bank8        000000
__Lbank9                                        bank9        000000
__Lbigbss                                       bigbss       000000
__Lbigdata                                      bigdata      000000
__Lbigram                                       bigram       000000
__Lbigsfr                                       bigsfr       000000
__Lbss                                          bss          000000
__LbssCOMRAM                                    bssCOMRAM    000000
__Lcinit                                        cinit        000000
__Lclrtext                                      clrtext      000000
__Lcomram                                       comram       000000
__Lconfig                                       config       000000
__Lconst                                        const        000000
__LcstackCOMRAM                                 cstackCOMRAM 000000
__Ldata                                         data         000000
__Leeprom_data                                  eeprom_data  000000
__Lfarbss                                       farbss       000000
__Lfardata                                      fardata      000000
__Lheap                                         heap         000000
__Libigdata                                     ibigdata     000000
__Lidata                                        idata        000000
__Lidloc                                        idloc        000000
__Lifardata                                     ifardata     000000
__Linit                                         init         00FFFC
__Lintcode                                      intcode      000008
__Lintcode_body                                 intcode_body 000000
__Lintcodelo                                    intcodelo    000018
__Lintentry                                     intentry     000000
__Lintret                                       intret       000000
__Lintsave_regs                                 intsave_regs 000000
__Lirdata                                       irdata       000000
__Lmediumconst                                  mediumconst  000000
__LnvCOMRAM                                     nvCOMRAM     000000
__LnvFARRAM                                     nvFARRAM     000000
__Lnvbit                                        nvbit        000000
__Lnvrram                                       nvrram       000000
__Lparam                                        rparam       000000
__Lpowerup                                      powerup      000000
__Lram                                          ram          000000
__Lramtop                                       ramtop       001000
__Lrbit                                         rbit         000000
__Lrbss                                         rbss         000000
__Lrdata                                        rdata        000000
__Lreset_vec                                    reset_vec    000000
__Lrparam                                       rparam       000000
__Lsfr                                          sfr          000000
__Lsivt_hi                                      sivt_hi      000000
__Lsivt_lo                                      sivt_lo      000018
__Lsmallconst                                   smallconst   001000
__Lspace_0                                      (abs)        000000
__Lspace_1                                      (abs)        000000
__Lspace_2                                      (abs)        000000
__Lspace_4                                      (abs)        000000
__Lstack                                        stack        000000
__Lstruct                                       struct       000000
__Ltemp                                         temp         000000
__Ltext                                         text         000000
__Ltext0                                        text0        000000
__Ltext1                                        text1        000000
__Ltext10                                       text10       000000
__Ltext11                                       text11       000000
__Ltext12                                       text12       000000
__Ltext13                                       text13       000000
__Ltext14                                       text14       000000
__Ltext15                                       text15       000000
__Ltext16                                       text16       000000
__Ltext17                                       text17       000000
__Ltext18                                       text18       000000
__Ltext19                                       text19       000000
__Ltext2                                        text2        000000
__Ltext20                                       text20       000000
__Ltext21                                       text21       000000
__Ltext22                                       text22       000000
__Ltext23                                       text23       000000
__Ltext24                                       text24       000000
__Ltext25                                       text25       000000
__Ltext26                                       text26       000000
__Ltext27                                       text27       000000
__Ltext28                                       text28       000000
__Ltext29                                       text29       000000
__Ltext3                                        text3        000000
__Ltext30                                       text30       000000
__Ltext31                                       text31       000000
__Ltext32                                       text32       000000
__Ltext33                                       text33       000000
__Ltext34                                       text34       000000
__Ltext35                                       text35       000000
__Ltext36                                       text36       000000
__Ltext37                                       text37       000000
__Ltext38                                       text38       000000
__Ltext39                                       text39       000000
__Ltext4                                        text4        000000
__Ltext40                                       text40       000000
__Ltext41                                       text41       000000
__Ltext42                                       text42       000000
__Ltext43                                       text43       000000
__Ltext44                                       text44       000000
__Ltext45                                       text45       000000
__Ltext46                                       text46       000000
__Ltext47                                       text47       000000
__Ltext48                                       text48       000000
__Ltext49                                       text49       000000
__Ltext5                                        text5        000000
__Ltext50                                       text50       000000
__Ltext51                                       text51       000000
__Ltext52                                       text52       000000
__Ltext53                                       text53       000000
__Ltext54                                       text54       000000
__Ltext55                                       text55       000000
__Ltext56                                       text56       000000
__Ltext57                                       text57       000000
__Ltext58                                       text58       000000
__Ltext6                                        text6        000000
__Ltext7                                        text7        000000
__Ltext8                                        text8        000000
__Ltext9                                        text9        000000
__S0                                            (abs)        010000
__S1                                            (abs)        000043
__S4                                            (abs)        000000
__S5                                            (abs)        000000
___heap_hi                                      (abs)        000000
___heap_lo                                      (abs)        000000
___inthi_sp                                     stack        000000
___inthi_stack_hi                               stack        000000
___inthi_stack_lo                               stack        000000
___intlo_sp                                     stack        000000
___intlo_stack_hi                               stack        000000
___intlo_stack_lo                               stack        000000
___param_bank                                   (abs)        000000
___rparam_used                                  (abs)        000001
___sp                                           stack        000000
___stack_hi                                     stack        000000
___stack_lo                                     stack        000000
__accesstop                                     (abs)        000060
__activetblptr                                  (abs)        000003
__end_of_EUSART1_Initialize                     text5        001658
__end_of_EUSART1_SetErrorHandler                text8        00186E
__end_of_EUSART1_SetFramingErrorHandler         text7        001864
__end_of_EUSART1_SetOverrunErrorHandler         text6        00185A
__end_of_I2C1_CallbackReturnReset               text46       0018FA
__end_of_I2C1_CallbackReturnStop                text47       0018FE
__end_of_I2C1_Close                             text55       0016B6
__end_of_I2C1_DO_ADDRESS_NACK                   text19       001532
__end_of_I2C1_DO_IDLE                           text33       0018C8
__end_of_I2C1_DO_RCEN                           text28       001878
__end_of_I2C1_DO_RESET                          text20       001888
__end_of_I2C1_DO_RX                             text29       0012BA
__end_of_I2C1_DO_RX_ACK                         text23       0018A0
__end_of_I2C1_DO_RX_NACK_RESTART                text21       001890
__end_of_I2C1_DO_RX_NACK_STOP                   text22       001898
__end_of_I2C1_DO_SEND_ADR_READ                  text32       001850
__end_of_I2C1_DO_SEND_ADR_WRITE                 text31       001842
__end_of_I2C1_DO_SEND_RESTART                   text25       0018B0
__end_of_I2C1_DO_SEND_RESTART_READ              text27       0018C0
__end_of_I2C1_DO_SEND_RESTART_WRITE             text26       0018B8
__end_of_I2C1_DO_SEND_STOP                      text24       0018A8
__end_of_I2C1_DO_TX                             text30       00121E
__end_of_I2C1_DO_TX_EMPTY                       text34       001330
__end_of_I2C1_MasterClearIrq                    text58       0018EE
__end_of_I2C1_MasterClose                       text57       00190E
__end_of_I2C1_MasterDisableIrq                  text56       0018E8
__end_of_I2C1_MasterEnableRestart               text53       001906
__end_of_I2C1_MasterFsm                         text18       0014D2
__end_of_I2C1_MasterGetRxData                   text39       0018F2
__end_of_I2C1_MasterIsNack                      text36       0017C8
__end_of_I2C1_MasterOpen                        text13       001766
__end_of_I2C1_MasterOperation                   text15       00161E
__end_of_I2C1_MasterSendAck                     text38       0018DC
__end_of_I2C1_MasterSendNack                    text40       0018E2
__end_of_I2C1_MasterSendTxData                  text37       0018D0
__end_of_I2C1_MasterSetIrq                      text35       0018D6
__end_of_I2C1_MasterStart                       text54       00190A
__end_of_I2C1_MasterStartRx                     text41       0018F6
__end_of_I2C1_MasterStop                        text52       001902
__end_of_I2C1_MasterWaitForEvent                text17       001824
__end_of_I2C1_MasterWrite                       text14       001880
__end_of_I2C1_Open                              text12       00139C
__end_of_I2C1_Poller                            text16       0017A0
__end_of_I2C1_Read1ByteRegister                 text10       001406
__end_of_I2C1_SetAddressNackCallback            text11       0017B4
__end_of_I2C1_SetBuffer                         text51       001784
__end_of_I2C1_SetCallback                       text50       00158A
__end_of_I2C1_SetDataCompleteCallback           text49       0017DC
__end_of_I2C1_Write1ByteRegister                text9        00146C
__end_of_OSCILLATOR_Initialize                  text4        001812
__end_of_PIN_MANAGER_Initialize                 text3        0015DE
__end_of_PMD_Initialize                         text2        001834
__end_of_SYSTEM_Initialize                      text1        001800
__end_of__initialization                        cinit        0017E8
__end_of_i2c1_fsmStateTable                     smallconst   001021
__end_of_main                                   text0        001164
__end_of_rd1RegCompleteHandler                  text45       001722
__end_of_rd2RegCompleteHandler                  text44       0016FE
__end_of_rdBlkRegCompleteHandler                text42       00168C
__end_of_wr1RegCompleteHandler                  text43       0016DA
__end_of_wr2RegCompleteHandler                  text48       001746
__initialization                                cinit        0017DC
__mediumconst                                   smallconst   001000
__pbssCOMRAM                                    bssCOMRAM    000001
__pcinit                                        cinit        0017DC
__pcstackCOMRAM                                 cstackCOMRAM 000030
__pnvCOMRAM                                     nvCOMRAM     00003D
__psmallconst                                   smallconst   001000
__ptext0                                        text0        001022
__ptext1                                        text1        0017EE
__ptext10                                       text10       00139C
__ptext11                                       text11       0017A0
__ptext12                                       text12       001330
__ptext13                                       text13       001746
__ptext14                                       text14       001878
__ptext15                                       text15       0015DE
__ptext16                                       text16       001784
__ptext17                                       text17       001812
__ptext18                                       text18       00146C
__ptext19                                       text19       0014D2
__ptext2                                        text2        001824
__ptext20                                       text20       001880
__ptext21                                       text21       001888
__ptext22                                       text22       001890
__ptext23                                       text23       001898
__ptext24                                       text24       0018A0
__ptext25                                       text25       0018A8
__ptext26                                       text26       0018B0
__ptext27                                       text27       0018B8
__ptext28                                       text28       00186E
__ptext29                                       text29       00121E
__ptext3                                        text3        00158A
__ptext30                                       text30       001164
__ptext31                                       text31       001834
__ptext32                                       text32       001842
__ptext33                                       text33       0018C0
__ptext34                                       text34       0012BA
__ptext35                                       text35       0018D0
__ptext36                                       text36       0017B4
__ptext37                                       text37       0018C8
__ptext38                                       text38       0018D6
__ptext39                                       text39       0018EE
__ptext4                                        text4        001800
__ptext40                                       text40       0018DC
__ptext41                                       text41       0018F2
__ptext42                                       text42       001658
__ptext43                                       text43       0016B6
__ptext44                                       text44       0016DA
__ptext45                                       text45       0016FE
__ptext46                                       text46       0018F6
__ptext47                                       text47       0018FA
__ptext48                                       text48       001722
__ptext49                                       text49       0017C8
__ptext5                                        text5        00161E
__ptext50                                       text50       001532
__ptext51                                       text51       001766
__ptext52                                       text52       0018FE
__ptext53                                       text53       001902
__ptext54                                       text54       001906
__ptext55                                       text55       00168C
__ptext56                                       text56       0018E2
__ptext57                                       text57       00190A
__ptext58                                       text58       0018E8
__ptext6                                        text6        001850
__ptext7                                        text7        00185A
__ptext8                                        text8        001864
__ptext9                                        text9        001406
__ramtop                                        ramtop       001000
__smallconst                                    smallconst   001000
_eusart1RxLastError                             bssCOMRAM    00002F
_i2c1_fsmStateTable                             smallconst   001001
_main                                           text0        001022
_rd1RegCompleteHandler                          text45       0016FE
_rd2RegCompleteHandler                          text44       0016DA
_rdBlkRegCompleteHandler                        text42       001658
_wr1RegCompleteHandler                          text43       0016B6
_wr2RegCompleteHandler                          text48       001722
end_of_initialization                           cinit        0017E8
intlevel0                                       text         000000
intlevel1                                       text         000000
intlevel2                                       text         000000
intlevel3                                       text         000000
isa$std                                         (abs)        000001
isa$xinst                                       (abs)        000000
rd1RegCompleteHandler@ptr                       cstackCOMRAM 000037
rd2RegCompleteHandler@ptr                       cstackCOMRAM 000037
rdBlkRegCompleteHandler@ptr                     cstackCOMRAM 000037
stackhi                                         (abs)        000000
stacklo                                         (abs)        000000
start                                           init         00FFFC
start_initialization                            cinit        0017DC
wr1RegCompleteHandler@ptr                       cstackCOMRAM 000037
wr2RegCompleteHandler@ptr                       cstackCOMRAM 000037


MODULE INFORMATION

Module		Function		Class		Link	Load	Size
mcc_generated_files/i2c1_master.c
		_I2C1_DO_SEND_RESTART		CODE           	18A8	0000	8
		_I2C1_DO_TX_EMPTY		CODE           	12BA	0000	118
		_I2C1_DO_SEND_RESTART_READ		CODE           	18B8	0000	8
		_I2C1_CallbackReturnStop		CODE           	18FA	0000	4
		_I2C1_DO_RX    		CODE           	121E	0000	156
		_I2C1_DO_TX    		CODE           	1164	0000	186
		_I2C1_SetAddressNackCallback		CODE           	17A0	0000	20
		_I2C1_DO_IDLE  		CODE           	18C0	0000	8
		_I2C1_MasterOpen		CODE           	1746	0000	32
		_I2C1_DO_RCEN  		CODE           	186E	0000	10
		_I2C1_MasterSendTxData		CODE           	18C8	0000	8
		_I2C1_MasterStop		CODE           	18FE	0000	4
		_I2C1_CallbackReturnReset		CODE           	18F6	0000	4
		_I2C1_DO_RESET 		CODE           	1880	0000	8
		_I2C1_MasterStartRx		CODE           	18F2	0000	4
		_I2C1_Poller   		CODE           	1784	0000	28
		_I2C1_DO_RX_ACK		CODE           	1898	0000	8
		_I2C1_MasterWaitForEvent		CODE           	1812	0000	18
		_I2C1_MasterSendNack		CODE           	18DC	0000	6
		_I2C1_DO_RX_NACK_RESTART		CODE           	1888	0000	8
		_I2C1_MasterDisableIrq		CODE           	18E2	0000	6
		_I2C1_MasterOperation		CODE           	15DE	0000	64
		_I2C1_SetCallback		CODE           	1532	0000	88
		_I2C1_MasterEnableRestart		CODE           	1902	0000	4
		_I2C1_Open     		CODE           	1330	0000	108
		_I2C1_DO_ADDRESS_NACK		CODE           	14D2	0000	96
		_I2C1_SetBuffer		CODE           	1766	0000	30
		_I2C1_DO_SEND_RESTART_WRITE		CODE           	18B0	0000	8
		_I2C1_MasterClose		CODE           	190A	0000	4
		_I2C1_MasterWrite		CODE           	1878	0000	8
		_I2C1_Close    		CODE           	168C	0000	42
		_I2C1_MasterIsNack		CODE           	17B4	0000	20
		_I2C1_MasterStart		CODE           	1906	0000	4
		_I2C1_DO_SEND_ADR_WRITE		CODE           	1834	0000	14
		_I2C1_MasterClearIrq		CODE           	18E8	0000	6
		_I2C1_SetDataCompleteCallback		CODE           	17C8	0000	20
		_I2C1_DO_SEND_STOP		CODE           	18A0	0000	8
		_I2C1_MasterSendAck		CODE           	18D6	0000	6
		_I2C1_MasterFsm		CODE           	146C	0000	102
		_I2C1_MasterGetRxData		CODE           	18EE	0000	4
		_I2C1_MasterSetIrq		CODE           	18D0	0000	6
		_I2C1_DO_SEND_ADR_READ		CODE           	1842	0000	14
		_I2C1_DO_RX_NACK_STOP		CODE           	1890	0000	8

mcc_generated_files/i2c1_master.c estimated size: 1316

mcc_generated_files/pin_manager.c
		_PIN_MANAGER_Initialize		CODE           	158A	0000	84

mcc_generated_files/pin_manager.c estimated size: 84

mcc_generated_files/i2c1_master_ex.c
		_wr1RegCompleteHandler		CODE           	16B6	0000	36
		_wr2RegCompleteHandler		CODE           	1722	0000	36
		_I2C1_Write1ByteRegister		CODE           	1406	0000	102
		_rdBlkRegCompleteHandler		CODE           	1658	0000	52
		_rd1RegCompleteHandler		CODE           	16FE	0000	36
		_rd2RegCompleteHandler		CODE           	16DA	0000	36
		_I2C1_Read1ByteRegister		CODE           	139C	0000	106

mcc_generated_files/i2c1_master_ex.c estimated size: 404

shared
		__initialization		CODE           	17DC	0000	12
		_i2c1_fsmStateTable		SMALLCONST     	1001	0000	32

shared estimated size: 44

mcc_generated_files/eusart1.c
		_EUSART1_Initialize		CODE           	161E	0000	58
		_EUSART1_SetFramingErrorHandler		CODE           	185A	0000	10
		_EUSART1_SetOverrunErrorHandler		CODE           	1850	0000	10
		_EUSART1_SetErrorHandler		CODE           	1864	0000	10

mcc_generated_files/eusart1.c estimated size: 88

mcc_generated_files/mcc.c
		_PMD_Initialize		CODE           	1824	0000	16
		_OSCILLATOR_Initialize		CODE           	1800	0000	18
		_SYSTEM_Initialize		CODE           	17EE	0000	18

mcc_generated_files/mcc.c estimated size: 52

main.c
		_main          		CODE           	1022	0000	322

main.c estimated size: 322

