Microchip MPLAB XC8 Compiler V3.00

Linker command line:

-W-3 \
  --edf=C:\Program Files\Microchip\xc8\v3.00\pic\dat\20241204225717_en.msgs \
  -cn -h+dist/default/production\dani2c4_new_board.production.sym \
  --cmf=dist/default/production\dani2c4_new_board.production.cmf -z \
  -Q18F26Q10 -oC:\Users\dnbud\AppData\Local\Temp\xcAs1mg.\driver_tmp_3.o \
  --defsym=__MPLAB_BUILD=1 --fixupoverflow=error \
  -Mdist/default/production/dani2c4_new_board.production.map \
  --md=C:\Users\dnbud\AppData\Local\Temp\xcAs1mg.\driver_tmp_0.dat -E1 \
  -ver=XC8 Compiler -ACODE=00h-0FFFFh -ACONST=00h-0FFFFh \
  -ASMALLCONST=01000h-010FFhx240 -AMEDIUMCONST=01000h-0FFFFh \
  -ACOMRAM=01h-05Fh -AABS1=00h-0CFFh,0E00h-0E1Eh \
  -ABIGRAM=01h-0CFFh,0E00h-0E1Eh -ARAM=060h-0FFh,0100h-01FFhx12,0E00h-0E1Eh \
  -ABANK0=060h-0FFh -ABANK1=0100h-01FFh -ABANK2=0200h-02FFh \
  -ABANK3=0300h-03FFh -ABANK4=0400h-04FFh -ABANK5=0500h-05FFh \
  -ABANK6=0600h-06FFh -ABANK7=0700h-07FFh -ABANK8=0800h-08FFh \
  -ABANK9=0900h-09FFh -ABANK10=0A00h-0AFFh -ABANK11=0B00h-0BFFh \
  -ABANK12=0C00h-0CFFh -ABANK14=0E00h-0E1Eh \
  -ASFR=0D00h-0DFFh,0E1Fh-0EFFh,0F00h-0F5Fh,0F60h-0FFFh \
  -ABIGSFR=0D00h-0DFFh,0E1Fh-0FFFh -ACONFIG=0300000h-030000Bh \
  -AIDLOC=0200000h-02000FFh -AEEDATA=0310000h-03103FFh -peeprom_data=EEDATA \
  -preset_vec=00h,intcode=8h,intcodelo=18h,sivt_lo,sivt_hi=CODE \
  -ppowerup=CODE,init -pramtop=01000h -psmallconst=SMALLCONST \
  -pmediumconst=MEDIUMCONST -pconst=CONST -AFARRAM=00h-00h \
  -prdata=COMRAM,nvrram=COMRAM,nvbit=COMRAM,rbss=COMRAM,rbit=COMRAM \
  -pfarbss=FARRAM,fardata=FARRAM,nvFARRAM=FARRAM \
  -pintsave_regs=BIGRAM,bigbss=BIGRAM,bigdata=BIGRAM -pbss=RAM \
  -pidata=CODE,irdata=CODE,ibigdata=CODE,ifardata=CODE -prparam=COMRAM \
  C:\Users\dnbud\AppData\Local\Temp\xcAs1mg.\driver_tmp_9.o \
  dist/default/production\dani2c4_new_board.production.o 

Object code version is 3.11

Machine type is 18F26Q10



                Name                               Link     Load   Length Selector   Space Scale
C:\Users\dnbud\AppData\Local\Temp\xcAs1mg.\driver_tmp_9.o
                config                           300000   300000        C        0       4
                init                               FFFC     FFFC        4     7FFE       0
                reset_vec                             0        0        4        0       0
dist/default/production\dani2c4_new_board.production.o
                config                           300000   300000        C        0       4
                smallconst                         1000     1000       22      800       0
                text58                             19A2     19A2        6      811       0
                text57                             19C4     19C4        4      811       0
                text56                             199C     199C        6      811       0
                text55                             1746     1746       2A      811       0
                text54                             19C0     19C0        4      811       0
                text53                             19BC     19BC        4      811       0
                text52                             19B8     19B8        4      811       0
                text51                             1820     1820       1E      811       0
                text50                             15EA     15EA       58      811       0
                text49                             1882     1882       14      811       0
                text48                             17DC     17DC       24      811       0
                text47                             19B4     19B4        4      811       0
                text46                             19B0     19B0        4      811       0
                text45                             17B8     17B8       24      811       0
                text44                             1794     1794       24      811       0
                text43                             1770     1770       24      811       0
                text42                             1712     1712       34      811       0
                text41                             19AC     19AC        4      811       0
                text40                             1996     1996        6      811       0
                text39                             19A8     19A8        4      811       0
                text38                             1990     1990        6      811       0
                text37                             1982     1982        8      811       0
                text36                             186E     186E       14      811       0
                text35                             198A     198A        6      811       0
                text34                             1372     1372       76      811       0
                text33                             197A     197A        8      811       0
                text32                             18FC     18FC        E      811       0
                text31                             18EE     18EE        E      811       0
                text30                             121C     121C       BA      811       0
                text29                             12D6     12D6       9C      811       0
                text28                             1928     1928        A      811       0
                text27                             1972     1972        8      811       0
                text26                             196A     196A        8      811       0
                text25                             1962     1962        8      811       0
                text24                             195A     195A        8      811       0
                text23                             1952     1952        8      811       0
                text22                             194A     194A        8      811       0
                text21                             1942     1942        8      811       0
                text20                             193A     193A        8      811       0
                text19                             158A     158A       60      811       0
                text18                             1524     1524       66      811       0
                text17                             18CC     18CC       12      811       0
                text16                             183E     183E       1C      811       0
                text15                             1698     1698       40      811       0
                text14                             1932     1932        8      811       0
                text13                             1800     1800       20      811       0
                text12                             13E8     13E8       6C      811       0
                text11                             185A     185A       14      811       0
                text10                             1454     1454       6A      811       0
                text9                              14BE     14BE       66      811       0
                text8                              191E     191E        A      811       0
                text7                              1914     1914        A      811       0
                text6                              190A     190A        A      811       0
                text5                              16D8     16D8       3A      811       0
                text4                              18BA     18BA       12      811       0
                text3                              1642     1642       56      811       0
                text2                              18DE     18DE       10      811       0
                text1                              18A8     18A8       12      811       0
                text0                              1022     1022      1FA      811       0
                cstackCOMRAM                         32       32        D        1       1
                bssCOMRAM                             1        1       31        1       1
                cinit                              1896     1896       12      811       0
                nvCOMRAM                             3F       3F        6        1       1

TOTAL           Name                               Link     Load   Length     Space
        CLASS   CODE           
                init                               FFFC     FFFC        4         0
                reset_vec                             0        0        4         0
                text58                             19A2     19A2        6         0
                text57                             19C4     19C4        4         0
                text56                             199C     199C        6         0
                text55                             1746     1746       2A         0
                text54                             19C0     19C0        4         0
                text53                             19BC     19BC        4         0
                text52                             19B8     19B8        4         0
                text51                             1820     1820       1E         0
                text50                             15EA     15EA       58         0
                text49                             1882     1882       14         0
                text48                             17DC     17DC       24         0
                text47                             19B4     19B4        4         0
                text46                             19B0     19B0        4         0
                text45                             17B8     17B8       24         0
                text44                             1794     1794       24         0
                text43                             1770     1770       24         0
                text42                             1712     1712       34         0
                text41                             19AC     19AC        4         0
                text40                             1996     1996        6         0
                text39                             19A8     19A8        4         0
                text38                             1990     1990        6         0
                text37                             1982     1982        8         0
                text36                             186E     186E       14         0
                text35                             198A     198A        6         0
                text34                             1372     1372       76         0
                text33                             197A     197A        8         0
                text32                             18FC     18FC        E         0
                text31                             18EE     18EE        E         0
                text30                             121C     121C       BA         0
                text29                             12D6     12D6       9C         0
                text28                             1928     1928        A         0
                text27                             1972     1972        8         0
                text26                             196A     196A        8         0
                text25                             1962     1962        8         0
                text24                             195A     195A        8         0
                text23                             1952     1952        8         0
                text22                             194A     194A        8         0
                text21                             1942     1942        8         0
                text20                             193A     193A        8         0
                text19                             158A     158A       60         0
                text18                             1524     1524       66         0
                text17                             18CC     18CC       12         0
                text16                             183E     183E       1C         0
                text15                             1698     1698       40         0
                text14                             1932     1932        8         0
                text13                             1800     1800       20         0
                text12                             13E8     13E8       6C         0
                text11                             185A     185A       14         0
                text10                             1454     1454       6A         0
                text9                              14BE     14BE       66         0
                text8                              191E     191E        A         0
                text7                              1914     1914        A         0
                text6                              190A     190A        A         0
                text5                              16D8     16D8       3A         0
                text4                              18BA     18BA       12         0
                text3                              1642     1642       56         0
                text2                              18DE     18DE       10         0
                text1                              18A8     18A8       12         0
                text0                              1022     1022      1FA         0
                cinit                              1896     1896       12         0

        CLASS   CONST          

        CLASS   SMALLCONST     
                smallconst                         1000     1000       22         0

        CLASS   MEDIUMCONST    

        CLASS   COMRAM         
                cstackCOMRAM                         32       32        D         1
                bssCOMRAM                             1        1       31         1
                nvCOMRAM                             3F       3F        6         1

        CLASS   ABS1           

        CLASS   BIGRAM         

        CLASS   RAM            

        CLASS   BANK0          

        CLASS   BANK1          

        CLASS   BANK2          

        CLASS   BANK3          

        CLASS   BANK4          

        CLASS   BANK5          

        CLASS   BANK6          

        CLASS   BANK7          

        CLASS   BANK8          

        CLASS   BANK9          

        CLASS   BANK10         

        CLASS   BANK11         

        CLASS   BANK12         

        CLASS   BANK14         

        CLASS   SFR            

        CLASS   BIGSFR         

        CLASS   CONFIG         
                config                           300000   300000        C         4

        CLASS   IDLOC          

        CLASS   EEDATA         

        CLASS   FARRAM         

        CLASS   HEAP           

        CLASS   STACK          



SEGMENTS        Name                           Load    Length   Top    Selector   Space  Class

                reset_vec                      000000  000004  000004         0       0  CODE    
                bssCOMRAM                      000001  000044  000045         1       1  COMRAM  
                smallconst                     001000  000022  001022       800       0  SMALLCON
                text0                          001022  0009A6  0019C8       811       0  CODE    
                init                           00FFFC  000004  010000      7FFE       0  CODE    


UNUSED ADDRESS RANGES

        Name                Unused          Largest block    Delta
        BANK0            000060-0000FF               A0
        BANK1            000100-0001FF              100
        BANK10           000A00-000AFF              100
        BANK11           000B00-000BFF              100
        BANK12           000C00-000CFF              100
        BANK14           000E00-000E1E               1F
        BANK2            000200-0002FF              100
        BANK3            000300-0003FF              100
        BANK4            000400-0004FF              100
        BANK5            000500-0005FF              100
        BANK6            000600-0006FF              100
        BANK7            000700-0007FF              100
        BANK8            000800-0008FF              100
        BANK9            000900-0009FF              100
        BIGRAM           000045-000CFF              CBB
                         000E00-000E1E               1F
        BIGSFR           000D00-000DFF              100
                         000E1F-000FFF              1E1
        CODE             000004-000FFF              FFC
                         0019C8-00FFFB             E634
        COMRAM           000045-00005F               1B
        CONST            000004-000FFF              FFC
                         0019C8-00FFFB             E634
        EEDATA           310000-3103FF              400
        IDLOC            200000-2000FF              100
        MEDIUMCONST      0019C8-00FFFB             E634
        RAM              000060-000CFF              100
                         000E00-000E1E               1F
        SFR              000D00-000DFF              100
                         000E1F-000FFF               E1
        SMALLCONST       0019C8-00FFFB              100

                                  Symbol Table

EUSART1_SetErrorHandler@interruptHandler        cstackCOMRAM 000032
EUSART1_SetFramingErrorHandler@interruptHandler cstackCOMRAM 000032
EUSART1_SetOverrunErrorHandler@interruptHandler cstackCOMRAM 000032
I2C1_Close@returnValue                          cstackCOMRAM 000032
I2C1_MasterOperation@read                       cstackCOMRAM 000038
I2C1_MasterOperation@returnValue                cstackCOMRAM 000039
I2C1_MasterSendTxData@data                      cstackCOMRAM 000032
I2C1_Open@address                               cstackCOMRAM 000032
I2C1_Open@returnValue                           cstackCOMRAM 000033
I2C1_Read1ByteRegister@address                  cstackCOMRAM 00003B
I2C1_Read1ByteRegister@reg                      cstackCOMRAM 00003A
I2C1_Read1ByteRegister@returnValue              cstackCOMRAM 00003C
I2C1_SetAddressNackCallback@cb                  cstackCOMRAM 000036
I2C1_SetAddressNackCallback@ptr                 cstackCOMRAM 000038
I2C1_SetBuffer@buffer                           cstackCOMRAM 000032
I2C1_SetBuffer@bufferSize                       cstackCOMRAM 000033
I2C1_SetCallback@cb                             cstackCOMRAM 000032
I2C1_SetCallback@idx                            cstackCOMRAM 000035
I2C1_SetCallback@ptr                            cstackCOMRAM 000034
I2C1_SetDataCompleteCallback@cb                 cstackCOMRAM 000036
I2C1_SetDataCompleteCallback@ptr                cstackCOMRAM 000038
I2C1_Write1ByteRegister@address                 cstackCOMRAM 00003C
I2C1_Write1ByteRegister@data                    cstackCOMRAM 00003B
I2C1_Write1ByteRegister@reg                     cstackCOMRAM 00003A
_ANSELA                                         (abs)        000F0C
_ANSELB                                         (abs)        000F14
_ANSELC                                         (abs)        000F1C
_BAUD1CON                                       (abs)        000F9E
_EUSART1_DefaultErrorHandler                    (abs)        000000
_EUSART1_DefaultFramingErrorHandler             (abs)        000000
_EUSART1_DefaultOverrunErrorHandler             (abs)        000000
_EUSART1_ErrorHandler                           nvCOMRAM     00003F
_EUSART1_FramingErrorHandler                    nvCOMRAM     000043
_EUSART1_Initialize                             text5        0016D8
_EUSART1_OverrunErrorHandler                    nvCOMRAM     000041
_EUSART1_SetErrorHandler                        text8        00191E
_EUSART1_SetFramingErrorHandler                 text7        001914
_EUSART1_SetOverrunErrorHandler                 text6        00190A
_FilterPresence                                 bssCOMRAM    00001E
_I2C1_CallbackReturnReset                       text46       0019B0
_I2C1_CallbackReturnStop                        text47       0019B4
_I2C1_Close                                     text55       001746
_I2C1_DO_ADDRESS_NACK                           text19       00158A
_I2C1_DO_IDLE                                   text33       00197A
_I2C1_DO_RCEN                                   text28       001928
_I2C1_DO_RESET                                  text20       00193A
_I2C1_DO_RX                                     text29       0012D6
_I2C1_DO_RX_ACK                                 text23       001952
_I2C1_DO_RX_NACK_RESTART                        text21       001942
_I2C1_DO_RX_NACK_STOP                           text22       00194A
_I2C1_DO_SEND_ADR_READ                          text32       0018FC
_I2C1_DO_SEND_ADR_WRITE                         text31       0018EE
_I2C1_DO_SEND_RESTART                           text25       001962
_I2C1_DO_SEND_RESTART_READ                      text27       001972
_I2C1_DO_SEND_RESTART_WRITE                     text26       00196A
_I2C1_DO_SEND_STOP                              text24       00195A
_I2C1_DO_TX                                     text30       00121C
_I2C1_DO_TX_EMPTY                               text34       001372
_I2C1_MasterClearIrq                            text58       0019A2
_I2C1_MasterClose                               text57       0019C4
_I2C1_MasterDisableIrq                          text56       00199C
_I2C1_MasterEnableRestart                       text53       0019BC
_I2C1_MasterFsm                                 text18       001524
_I2C1_MasterGetRxData                           text39       0019A8
_I2C1_MasterIsNack                              text36       00186E
_I2C1_MasterOpen                                text13       001800
_I2C1_MasterOperation                           text15       001698
_I2C1_MasterSendAck                             text38       001990
_I2C1_MasterSendNack                            text40       001996
_I2C1_MasterSendTxData                          text37       001982
_I2C1_MasterSetIrq                              text35       00198A
_I2C1_MasterStart                               text54       0019C0
_I2C1_MasterStartRx                             text41       0019AC
_I2C1_MasterStop                                text52       0019B8
_I2C1_MasterWaitForEvent                        text17       0018CC
_I2C1_MasterWrite                               text14       001932
_I2C1_Open                                      text12       0013E8
_I2C1_Poller                                    text16       00183E
_I2C1_Read1ByteRegister                         text10       001454
_I2C1_SetAddressNackCallback                    text11       00185A
_I2C1_SetBuffer                                 text51       001820
_I2C1_SetCallback                               text50       0015EA
_I2C1_SetDataCompleteCallback                   text49       001882
_I2C1_Status                                    bssCOMRAM    000001
_I2C1_Write1ByteRegister                        text9        0014BE
_INLVLA                                         (abs)        000F08
_INLVLB                                         (abs)        000F10
_INLVLC                                         (abs)        000F18
_INLVLE                                         (abs)        000F25
_LATA                                           (abs)        000F82
_LATAbits                                       (abs)        000F82
_LATB                                           (abs)        000F83
_LATBbits                                       (abs)        000F83
_LATC                                           (abs)        000F84
_Motion                                         bssCOMRAM    000022
_ODCONA                                         (abs)        000F0A
_ODCONB                                         (abs)        000F12
_ODCONC                                         (abs)        000F1A
_OSCCON1                                        (abs)        000ED3
_OSCCON3                                        (abs)        000ED5
_OSCEN                                          (abs)        000ED7
_OSCFRQ                                         (abs)        000ED9
_OSCILLATOR_Initialize                          text4        0018BA
_OSCTUNE                                        (abs)        000ED8
_PIE3bits                                       (abs)        000EC0
_PIN_MANAGER_Initialize                         text3        001642
_PIR3bits                                       (abs)        000EC8
_PMD0                                           (abs)        000EDC
_PMD1                                           (abs)        000EDD
_PMD2                                           (abs)        000EDE
_PMD3                                           (abs)        000EDF
_PMD4                                           (abs)        000EE0
_PMD5                                           (abs)        000EE1
_PMD_Initialize                                 text2        0018DE
_Presence                                       bssCOMRAM    000024
_RC1REG                                         (abs)        000F98
_RC1STA                                         (abs)        000F9C
_RC1STAbits                                     (abs)        000F9C
_RC3PPS                                         (abs)        000EF5
_RC4PPS                                         (abs)        000EF6
_RC6PPS                                         (abs)        000EF8
_RX1PPS                                         (abs)        000EB0
_RX_I2C_A1                                      bssCOMRAM    00002C
_RX_I2C_A2                                      bssCOMRAM    00002B
_RX_I2C_FS                                      bssCOMRAM    000026
_RX_I2C_L1                                      bssCOMRAM    000028
_RX_I2C_L2                                      bssCOMRAM    000027
_RX_I2C_M1                                      bssCOMRAM    00002A
_RX_I2C_M2                                      bssCOMRAM    000029
_RX_I2C_P1                                      bssCOMRAM    00002E
_RX_I2C_P2                                      bssCOMRAM    00002D
_RX_I2C_Ready                                   bssCOMRAM    00002F
_RXvalue                                        bssCOMRAM    000030
_SLRCONA                                        (abs)        000F09
_SLRCONB                                        (abs)        000F11
_SLRCONC                                        (abs)        000F19
_SP1BRGH                                        (abs)        000F9B
_SP1BRGL                                        (abs)        000F9A
_SSP1ADD                                        (abs)        000F92
_SSP1BUF                                        (abs)        000F91
_SSP1CON1                                       (abs)        000F95
_SSP1CON1bits                                   (abs)        000F95
_SSP1CON2                                       (abs)        000F96
_SSP1CON2bits                                   (abs)        000F96
_SSP1STAT                                       (abs)        000F94
_SSP1STATbits                                   (abs)        000F94
_SSPCLKPPS                                      (abs)        000EB2
_SSPDATPPS                                      (abs)        000EB3
_SYSTEM_Initialize                              text1        0018A8
_TRISA                                          (abs)        000F87
_TRISB                                          (abs)        000F88
_TRISC                                          (abs)        000F89
_TX1REG                                         (abs)        000F99
_TX1STA                                         (abs)        000F9D
_TX1STAbits                                     (abs)        000F9D
_WPUA                                           (abs)        000F0B
_WPUB                                           (abs)        000F13
_WPUC                                           (abs)        000F1B
_WPUE                                           (abs)        000F28
__HRAM                                          (abs)        000000
__H__absolute__                                 __absolute__ 000000
__Habs1                                         abs1         000000
__Hbank0                                        bank0        000000
__Hbank1                                        bank1        000000
__Hbank10                                       bank10       000000
__Hbank11                                       bank11       000000
__Hbank12                                       bank12       000000
__Hbank14                                       bank14       000000
__Hbank2                                        bank2        000000
__Hbank3                                        bank3        000000
__Hbank4                                        bank4        000000
__Hbank5                                        bank5        000000
__Hbank6                                        bank6        000000
__Hbank7                                        bank7        000000
__Hbank8                                        bank8        000000
__Hbank9                                        bank9        000000
__Hbigbss                                       bigbss       000000
__Hbigdata                                      bigdata      000000
__Hbigram                                       bigram       000000
__Hbigsfr                                       bigsfr       000000
__Hbss                                          bss          000000
__HbssCOMRAM                                    bssCOMRAM    000000
__Hcinit                                        cinit        000000
__Hclrtext                                      clrtext      000000
__Hcomram                                       comram       000000
__Hconfig                                       config       30000C
__Hconst                                        const        000000
__HcstackCOMRAM                                 cstackCOMRAM 000000
__Hdata                                         data         000000
__Heeprom_data                                  eeprom_data  000000
__Hfarbss                                       farbss       000000
__Hfardata                                      fardata      000000
__Hheap                                         heap         000000
__Hibigdata                                     ibigdata     000000
__Hidata                                        idata        000000
__Hidloc                                        idloc        000000
__Hifardata                                     ifardata     000000
__Hinit                                         init         010000
__Hintcode                                      intcode      000008
__Hintcode_body                                 intcode_body 000000
__Hintcodelo                                    intcodelo    000018
__Hintentry                                     intentry     000000
__Hintret                                       intret       000000
__Hintsave_regs                                 intsave_regs 000000
__Hirdata                                       irdata       000000
__Hmediumconst                                  mediumconst  000000
__HnvCOMRAM                                     nvCOMRAM     000000
__HnvFARRAM                                     nvFARRAM     000000
__Hnvbit                                        nvbit        000000
__Hnvrram                                       nvrram       000000
__Hparam                                        rparam       000000
__Hpowerup                                      powerup      000000
__Hram                                          ram          000000
__Hramtop                                       ramtop       001000
__Hrbit                                         rbit         000000
__Hrbss                                         rbss         000000
__Hrdata                                        rdata        000000
__Hreset_vec                                    reset_vec    000004
__Hrparam                                       rparam       000000
__Hsfr                                          sfr          000000
__Hsivt_hi                                      sivt_hi      000000
__Hsivt_lo                                      sivt_lo      000018
__Hsmallconst                                   smallconst   001022
__Hspace_0                                      (abs)        010000
__Hspace_1                                      (abs)        000045
__Hspace_2                                      (abs)        000000
__Hspace_4                                      (abs)        60000C
__Hstack                                        stack        000000
__Hstruct                                       struct       000000
__Htemp                                         temp         000000
__Htext                                         text         000000
__Htext0                                        text0        000000
__Htext1                                        text1        000000
__Htext10                                       text10       000000
__Htext11                                       text11       000000
__Htext12                                       text12       000000
__Htext13                                       text13       000000
__Htext14                                       text14       000000
__Htext15                                       text15       000000
__Htext16                                       text16       000000
__Htext17                                       text17       000000
__Htext18                                       text18       000000
__Htext19                                       text19       000000
__Htext2                                        text2        000000
__Htext20                                       text20       000000
__Htext21                                       text21       000000
__Htext22                                       text22       000000
__Htext23                                       text23       000000
__Htext24                                       text24       000000
__Htext25                                       text25       000000
__Htext26                                       text26       000000
__Htext27                                       text27       000000
__Htext28                                       text28       000000
__Htext29                                       text29       000000
__Htext3                                        text3        000000
__Htext30                                       text30       000000
__Htext31                                       text31       000000
__Htext32                                       text32       000000
__Htext33                                       text33       000000
__Htext34                                       text34       000000
__Htext35                                       text35       000000
__Htext36                                       text36       000000
__Htext37                                       text37       000000
__Htext38                                       text38       000000
__Htext39                                       text39       000000
__Htext4                                        text4        000000
__Htext40                                       text40       000000
__Htext41                                       text41       000000
__Htext42                                       text42       000000
__Htext43                                       text43       000000
__Htext44                                       text44       000000
__Htext45                                       text45       000000
__Htext46                                       text46       000000
__Htext47                                       text47       000000
__Htext48                                       text48       000000
__Htext49                                       text49       000000
__Htext5                                        text5        000000
__Htext50                                       text50       000000
__Htext51                                       text51       000000
__Htext52                                       text52       000000
__Htext53                                       text53       000000
__Htext54                                       text54       000000
__Htext55                                       text55       000000
__Htext56                                       text56       000000
__Htext57                                       text57       000000
__Htext58                                       text58       000000
__Htext6                                        text6        000000
__Htext7                                        text7        000000
__Htext8                                        text8        000000
__Htext9                                        text9        000000
__LRAM                                          (abs)        000001
__L__absolute__                                 __absolute__ 000000
__Labs1                                         abs1         000000
__Lbank0                                        bank0        000000
__Lbank1                                        bank1        000000
__Lbank10                                       bank10       000000
__Lbank11                                       bank11       000000
__Lbank12                                       bank12       000000
__Lbank14                                       bank14       000000
__Lbank2                                        bank2        000000
__Lbank3                                        bank3        000000
__Lbank4                                        bank4        000000
__Lbank5                                        bank5        000000
__Lbank6                                        bank6        000000
__Lbank7                                        bank7        000000
__Lbank8                                        bank8        000000
__Lbank9                                        bank9        000000
__Lbigbss                                       bigbss       000000
__Lbigdata                                      bigdata      000000
__Lbigram                                       bigram       000000
__Lbigsfr                                       bigsfr       000000
__Lbss                                          bss          000000
__LbssCOMRAM                                    bssCOMRAM    000000
__Lcinit                                        cinit        000000
__Lclrtext                                      clrtext      000000
__Lcomram                                       comram       000000
__Lconfig                                       config       000000
__Lconst                                        const        000000
__LcstackCOMRAM                                 cstackCOMRAM 000000
__Ldata                                         data         000000
__Leeprom_data                                  eeprom_data  000000
__Lfarbss                                       farbss       000000
__Lfardata                                      fardata      000000
__Lheap                                         heap         000000
__Libigdata                                     ibigdata     000000
__Lidata                                        idata        000000
__Lidloc                                        idloc        000000
__Lifardata                                     ifardata     000000
__Linit                                         init         00FFFC
__Lintcode                                      intcode      000008
__Lintcode_body                                 intcode_body 000000
__Lintcodelo                                    intcodelo    000018
__Lintentry                                     intentry     000000
__Lintret                                       intret       000000
__Lintsave_regs                                 intsave_regs 000000
__Lirdata                                       irdata       000000
__Lmediumconst                                  mediumconst  000000
__LnvCOMRAM                                     nvCOMRAM     000000
__LnvFARRAM                                     nvFARRAM     000000
__Lnvbit                                        nvbit        000000
__Lnvrram                                       nvrram       000000
__Lparam                                        rparam       000000
__Lpowerup                                      powerup      000000
__Lram                                          ram          000000
__Lramtop                                       ramtop       001000
__Lrbit                                         rbit         000000
__Lrbss                                         rbss         000000
__Lrdata                                        rdata        000000
__Lreset_vec                                    reset_vec    000000
__Lrparam                                       rparam       000000
__Lsfr                                          sfr          000000
__Lsivt_hi                                      sivt_hi      000000
__Lsivt_lo                                      sivt_lo      000018
__Lsmallconst                                   smallconst   001000
__Lspace_0                                      (abs)        000000
__Lspace_1                                      (abs)        000000
__Lspace_2                                      (abs)        000000
__Lspace_4                                      (abs)        000000
__Lstack                                        stack        000000
__Lstruct                                       struct       000000
__Ltemp                                         temp         000000
__Ltext                                         text         000000
__Ltext0                                        text0        000000
__Ltext1                                        text1        000000
__Ltext10                                       text10       000000
__Ltext11                                       text11       000000
__Ltext12                                       text12       000000
__Ltext13                                       text13       000000
__Ltext14                                       text14       000000
__Ltext15                                       text15       000000
__Ltext16                                       text16       000000
__Ltext17                                       text17       000000
__Ltext18                                       text18       000000
__Ltext19                                       text19       000000
__Ltext2                                        text2        000000
__Ltext20                                       text20       000000
__Ltext21                                       text21       000000
__Ltext22                                       text22       000000
__Ltext23                                       text23       000000
__Ltext24                                       text24       000000
__Ltext25                                       text25       000000
__Ltext26                                       text26       000000
__Ltext27                                       text27       000000
__Ltext28                                       text28       000000
__Ltext29                                       text29       000000
__Ltext3                                        text3        000000
__Ltext30                                       text30       000000
__Ltext31                                       text31       000000
__Ltext32                                       text32       000000
__Ltext33                                       text33       000000
__Ltext34                                       text34       000000
__Ltext35                                       text35       000000
__Ltext36                                       text36       000000
__Ltext37                                       text37       000000
__Ltext38                                       text38       000000
__Ltext39                                       text39       000000
__Ltext4                                        text4        000000
__Ltext40                                       text40       000000
__Ltext41                                       text41       000000
__Ltext42                                       text42       000000
__Ltext43                                       text43       000000
__Ltext44                                       text44       000000
__Ltext45                                       text45       000000
__Ltext46                                       text46       000000
__Ltext47                                       text47       000000
__Ltext48                                       text48       000000
__Ltext49                                       text49       000000
__Ltext5                                        text5        000000
__Ltext50                                       text50       000000
__Ltext51                                       text51       000000
__Ltext52                                       text52       000000
__Ltext53                                       text53       000000
__Ltext54                                       text54       000000
__Ltext55                                       text55       000000
__Ltext56                                       text56       000000
__Ltext57                                       text57       000000
__Ltext58                                       text58       000000
__Ltext6                                        text6        000000
__Ltext7                                        text7        000000
__Ltext8                                        text8        000000
__Ltext9                                        text9        000000
__S0                                            (abs)        010000
__S1                                            (abs)        000045
__S4                                            (abs)        000000
__S5                                            (abs)        000000
___heap_hi                                      (abs)        000000
___heap_lo                                      (abs)        000000
___inthi_sp                                     stack        000000
___inthi_stack_hi                               stack        000000
___inthi_stack_lo                               stack        000000
___intlo_sp                                     stack        000000
___intlo_stack_hi                               stack        000000
___intlo_stack_lo                               stack        000000
___param_bank                                   (abs)        000000
___rparam_used                                  (abs)        000001
___sp                                           stack        000000
___stack_hi                                     stack        000000
___stack_lo                                     stack        000000
__accesstop                                     (abs)        000060
__activetblptr                                  (abs)        000003
__end_of_EUSART1_Initialize                     text5        001712
__end_of_EUSART1_SetErrorHandler                text8        001928
__end_of_EUSART1_SetFramingErrorHandler         text7        00191E
__end_of_EUSART1_SetOverrunErrorHandler         text6        001914
__end_of_I2C1_CallbackReturnReset               text46       0019B4
__end_of_I2C1_CallbackReturnStop                text47       0019B8
__end_of_I2C1_Close                             text55       001770
__end_of_I2C1_DO_ADDRESS_NACK                   text19       0015EA
__end_of_I2C1_DO_IDLE                           text33       001982
__end_of_I2C1_DO_RCEN                           text28       001932
__end_of_I2C1_DO_RESET                          text20       001942
__end_of_I2C1_DO_RX                             text29       001372
__end_of_I2C1_DO_RX_ACK                         text23       00195A
__end_of_I2C1_DO_RX_NACK_RESTART                text21       00194A
__end_of_I2C1_DO_RX_NACK_STOP                   text22       001952
__end_of_I2C1_DO_SEND_ADR_READ                  text32       00190A
__end_of_I2C1_DO_SEND_ADR_WRITE                 text31       0018FC
__end_of_I2C1_DO_SEND_RESTART                   text25       00196A
__end_of_I2C1_DO_SEND_RESTART_READ              text27       00197A
__end_of_I2C1_DO_SEND_RESTART_WRITE             text26       001972
__end_of_I2C1_DO_SEND_STOP                      text24       001962
__end_of_I2C1_DO_TX                             text30       0012D6
__end_of_I2C1_DO_TX_EMPTY                       text34       0013E8
__end_of_I2C1_MasterClearIrq                    text58       0019A8
__end_of_I2C1_MasterClose                       text57       0019C8
__end_of_I2C1_MasterDisableIrq                  text56       0019A2
__end_of_I2C1_MasterEnableRestart               text53       0019C0
__end_of_I2C1_MasterFsm                         text18       00158A
__end_of_I2C1_MasterGetRxData                   text39       0019AC
__end_of_I2C1_MasterIsNack                      text36       001882
__end_of_I2C1_MasterOpen                        text13       001820
__end_of_I2C1_MasterOperation                   text15       0016D8
__end_of_I2C1_MasterSendAck                     text38       001996
__end_of_I2C1_MasterSendNack                    text40       00199C
__end_of_I2C1_MasterSendTxData                  text37       00198A
__end_of_I2C1_MasterSetIrq                      text35       001990
__end_of_I2C1_MasterStart                       text54       0019C4
__end_of_I2C1_MasterStartRx                     text41       0019B0
__end_of_I2C1_MasterStop                        text52       0019BC
__end_of_I2C1_MasterWaitForEvent                text17       0018DE
__end_of_I2C1_MasterWrite                       text14       00193A
__end_of_I2C1_Open                              text12       001454
__end_of_I2C1_Poller                            text16       00185A
__end_of_I2C1_Read1ByteRegister                 text10       0014BE
__end_of_I2C1_SetAddressNackCallback            text11       00186E
__end_of_I2C1_SetBuffer                         text51       00183E
__end_of_I2C1_SetCallback                       text50       001642
__end_of_I2C1_SetDataCompleteCallback           text49       001896
__end_of_I2C1_Write1ByteRegister                text9        001524
__end_of_OSCILLATOR_Initialize                  text4        0018CC
__end_of_PIN_MANAGER_Initialize                 text3        001698
__end_of_PMD_Initialize                         text2        0018EE
__end_of_SYSTEM_Initialize                      text1        0018BA
__end_of__initialization                        cinit        0018A2
__end_of_i2c1_fsmStateTable                     smallconst   001021
__end_of_main                                   text0        00121C
__end_of_rd1RegCompleteHandler                  text45       0017DC
__end_of_rd2RegCompleteHandler                  text44       0017B8
__end_of_rdBlkRegCompleteHandler                text42       001746
__end_of_wr1RegCompleteHandler                  text43       001794
__end_of_wr2RegCompleteHandler                  text48       001800
__initialization                                cinit        001896
__mediumconst                                   smallconst   001000
__pbssCOMRAM                                    bssCOMRAM    000001
__pcinit                                        cinit        001896
__pcstackCOMRAM                                 cstackCOMRAM 000032
__pnvCOMRAM                                     nvCOMRAM     00003F
__psmallconst                                   smallconst   001000
__ptext0                                        text0        001022
__ptext1                                        text1        0018A8
__ptext10                                       text10       001454
__ptext11                                       text11       00185A
__ptext12                                       text12       0013E8
__ptext13                                       text13       001800
__ptext14                                       text14       001932
__ptext15                                       text15       001698
__ptext16                                       text16       00183E
__ptext17                                       text17       0018CC
__ptext18                                       text18       001524
__ptext19                                       text19       00158A
__ptext2                                        text2        0018DE
__ptext20                                       text20       00193A
__ptext21                                       text21       001942
__ptext22                                       text22       00194A
__ptext23                                       text23       001952
__ptext24                                       text24       00195A
__ptext25                                       text25       001962
__ptext26                                       text26       00196A
__ptext27                                       text27       001972
__ptext28                                       text28       001928
__ptext29                                       text29       0012D6
__ptext3                                        text3        001642
__ptext30                                       text30       00121C
__ptext31                                       text31       0018EE
__ptext32                                       text32       0018FC
__ptext33                                       text33       00197A
__ptext34                                       text34       001372
__ptext35                                       text35       00198A
__ptext36                                       text36       00186E
__ptext37                                       text37       001982
__ptext38                                       text38       001990
__ptext39                                       text39       0019A8
__ptext4                                        text4        0018BA
__ptext40                                       text40       001996
__ptext41                                       text41       0019AC
__ptext42                                       text42       001712
__ptext43                                       text43       001770
__ptext44                                       text44       001794
__ptext45                                       text45       0017B8
__ptext46                                       text46       0019B0
__ptext47                                       text47       0019B4
__ptext48                                       text48       0017DC
__ptext49                                       text49       001882
__ptext5                                        text5        0016D8
__ptext50                                       text50       0015EA
__ptext51                                       text51       001820
__ptext52                                       text52       0019B8
__ptext53                                       text53       0019BC
__ptext54                                       text54       0019C0
__ptext55                                       text55       001746
__ptext56                                       text56       00199C
__ptext57                                       text57       0019C4
__ptext58                                       text58       0019A2
__ptext6                                        text6        00190A
__ptext7                                        text7        001914
__ptext8                                        text8        00191E
__ptext9                                        text9        0014BE
__ramtop                                        ramtop       001000
__smallconst                                    smallconst   001000
_eusart1RxLastError                             bssCOMRAM    000031
_i2c1_fsmStateTable                             smallconst   001001
_main                                           text0        001022
_rd1RegCompleteHandler                          text45       0017B8
_rd2RegCompleteHandler                          text44       001794
_rdBlkRegCompleteHandler                        text42       001712
_wr1RegCompleteHandler                          text43       001770
_wr2RegCompleteHandler                          text48       0017DC
end_of_initialization                           cinit        0018A2
intlevel0                                       text         000000
intlevel1                                       text         000000
intlevel2                                       text         000000
intlevel3                                       text         000000
isa$std                                         (abs)        000001
isa$xinst                                       (abs)        000000
rd1RegCompleteHandler@ptr                       cstackCOMRAM 000039
rd2RegCompleteHandler@ptr                       cstackCOMRAM 000039
rdBlkRegCompleteHandler@ptr                     cstackCOMRAM 000039
stackhi                                         (abs)        000000
stacklo                                         (abs)        000000
start                                           init         00FFFC
start_initialization                            cinit        001896
wr1RegCompleteHandler@ptr                       cstackCOMRAM 000039
wr2RegCompleteHandler@ptr                       cstackCOMRAM 000039


MODULE INFORMATION

Module		Function		Class		Link	Load	Size
mcc_generated_files/i2c1_master.c
		_I2C1_DO_SEND_RESTART		CODE           	1962	0000	8
		_I2C1_DO_TX_EMPTY		CODE           	1372	0000	118
		_I2C1_DO_SEND_RESTART_READ		CODE           	1972	0000	8
		_I2C1_CallbackReturnStop		CODE           	19B4	0000	4
		_I2C1_DO_RX    		CODE           	12D6	0000	156
		_I2C1_DO_TX    		CODE           	121C	0000	186
		_I2C1_SetAddressNackCallback		CODE           	185A	0000	20
		_I2C1_DO_IDLE  		CODE           	197A	0000	8
		_I2C1_MasterOpen		CODE           	1800	0000	32
		_I2C1_DO_RCEN  		CODE           	1928	0000	10
		_I2C1_MasterSendTxData		CODE           	1982	0000	8
		_I2C1_MasterStop		CODE           	19B8	0000	4
		_I2C1_CallbackReturnReset		CODE           	19B0	0000	4
		_I2C1_DO_RESET 		CODE           	193A	0000	8
		_I2C1_MasterStartRx		CODE           	19AC	0000	4
		_I2C1_Poller   		CODE           	183E	0000	28
		_I2C1_DO_RX_ACK		CODE           	1952	0000	8
		_I2C1_MasterWaitForEvent		CODE           	18CC	0000	18
		_I2C1_MasterSendNack		CODE           	1996	0000	6
		_I2C1_DO_RX_NACK_RESTART		CODE           	1942	0000	8
		_I2C1_MasterDisableIrq		CODE           	199C	0000	6
		_I2C1_MasterOperation		CODE           	1698	0000	64
		_I2C1_SetCallback		CODE           	15EA	0000	88
		_I2C1_MasterEnableRestart		CODE           	19BC	0000	4
		_I2C1_Open     		CODE           	13E8	0000	108
		_I2C1_DO_ADDRESS_NACK		CODE           	158A	0000	96
		_I2C1_SetBuffer		CODE           	1820	0000	30
		_I2C1_DO_SEND_RESTART_WRITE		CODE           	196A	0000	8
		_I2C1_MasterClose		CODE           	19C4	0000	4
		_I2C1_MasterWrite		CODE           	1932	0000	8
		_I2C1_Close    		CODE           	1746	0000	42
		_I2C1_MasterIsNack		CODE           	186E	0000	20
		_I2C1_MasterStart		CODE           	19C0	0000	4
		_I2C1_DO_SEND_ADR_WRITE		CODE           	18EE	0000	14
		_I2C1_MasterClearIrq		CODE           	19A2	0000	6
		_I2C1_SetDataCompleteCallback		CODE           	1882	0000	20
		_I2C1_DO_SEND_STOP		CODE           	195A	0000	8
		_I2C1_MasterSendAck		CODE           	1990	0000	6
		_I2C1_MasterFsm		CODE           	1524	0000	102
		_I2C1_MasterGetRxData		CODE           	19A8	0000	4
		_I2C1_MasterSetIrq		CODE           	198A	0000	6
		_I2C1_DO_SEND_ADR_READ		CODE           	18FC	0000	14
		_I2C1_DO_RX_NACK_STOP		CODE           	194A	0000	8

mcc_generated_files/i2c1_master.c estimated size: 1316

mcc_generated_files/pin_manager.c
		_PIN_MANAGER_Initialize		CODE           	1642	0000	86

mcc_generated_files/pin_manager.c estimated size: 86

mcc_generated_files/i2c1_master_ex.c
		_wr1RegCompleteHandler		CODE           	1770	0000	36
		_wr2RegCompleteHandler		CODE           	17DC	0000	36
		_I2C1_Write1ByteRegister		CODE           	14BE	0000	102
		_rdBlkRegCompleteHandler		CODE           	1712	0000	52
		_rd1RegCompleteHandler		CODE           	17B8	0000	36
		_rd2RegCompleteHandler		CODE           	1794	0000	36
		_I2C1_Read1ByteRegister		CODE           	1454	0000	106

mcc_generated_files/i2c1_master_ex.c estimated size: 404

shared
		__initialization		CODE           	1896	0000	12
		_i2c1_fsmStateTable		SMALLCONST     	1001	0000	32

shared estimated size: 44

mcc_generated_files/eusart1.c
		_EUSART1_Initialize		CODE           	16D8	0000	58
		_EUSART1_SetFramingErrorHandler		CODE           	1914	0000	10
		_EUSART1_SetOverrunErrorHandler		CODE           	190A	0000	10
		_EUSART1_SetErrorHandler		CODE           	191E	0000	10

mcc_generated_files/eusart1.c estimated size: 88

mcc_generated_files/mcc.c
		_PMD_Initialize		CODE           	18DE	0000	16
		_OSCILLATOR_Initialize		CODE           	18BA	0000	18
		_SYSTEM_Initialize		CODE           	18A8	0000	18

mcc_generated_files/mcc.c estimated size: 52

main.c
		_main          		CODE           	1022	0000	506

main.c estimated size: 506

