Microchip MPLAB XC8 Compiler V3.10

Linker command line:

-W-3 \
  --edf=C:\Program Files\Microchip\xc8\v3.10\pic\dat\20250813170317_en.msgs \
  -cn -h+dist/default/production\Rack_Pro_new_board_10_7_25.production.sym \
  --cmf=dist/default/production\Rack_Pro_new_board_10_7_25.production.cmf \
  -z -Q18F26Q10 \
  -oC:\Users\OMNITEK\AppData\Local\Temp\xcAs9qs.0\driver_tmp_3.o \
  --defsym=__MPLAB_BUILD=1 --fixupoverflow=error \
  -Mdist/default/production/Rack_Pro_new_board_10_7_25.production.map \
  --md=C:\Users\OMNITEK\AppData\Local\Temp\xcAs9qs.0\driver_tmp_0.dat -E1 \
  -ver=XC8 Compiler -ACODE=00h-0FFFFh -ACONST=00h-0FFFFh \
  -ASMALLCONST=01000h-010FFhx240 -AMEDIUMCONST=01000h-0FFFFh \
  -ACOMRAM=01h-05Fh -AABS1=00h-0CFFh,0E00h-0E1Eh \
  -ABIGRAM=01h-0CFFh,0E00h-0E1Eh -ARAM=060h-0FFh,0100h-01FFhx12,0E00h-0E1Eh \
  -ABANK0=060h-0FFh -ABANK1=0100h-01FFh -ABANK2=0200h-02FFh \
  -ABANK3=0300h-03FFh -ABANK4=0400h-04FFh -ABANK5=0500h-05FFh \
  -ABANK6=0600h-06FFh -ABANK7=0700h-07FFh -ABANK8=0800h-08FFh \
  -ABANK9=0900h-09FFh -ABANK10=0A00h-0AFFh -ABANK11=0B00h-0BFFh \
  -ABANK12=0C00h-0CFFh -ABANK14=0E00h-0E1Eh \
  -ASFR=0D00h-0DFFh,0E1Fh-0EFFh,0F00h-0F5Fh,0F60h-0FFFh \
  -ABIGSFR=0D00h-0DFFh,0E1Fh-0FFFh -ACONFIG=0300000h-030000Bh \
  -AIDLOC=0200000h-02000FFh -AEEDATA=0310000h-03103FFh -peeprom_data=EEDATA \
  -preset_vec=00h,intcode=8h,intcodelo=18h,sivt_lo,sivt_hi=CODE \
  -ppowerup=CODE,init -pramtop=01000h -psmallconst=SMALLCONST \
  -pmediumconst=MEDIUMCONST -pconst=CONST -AFARRAM=00h-00h \
  -prdata=COMRAM,nvrram=COMRAM,nvbit=COMRAM,rbss=COMRAM,rbit=COMRAM \
  -pfarbss=FARRAM,fardata=FARRAM,nvFARRAM=FARRAM \
  -pintsave_regs=BIGRAM,bigbss=BIGRAM,bigdata=BIGRAM -pbss=RAM \
  -pidata=CODE,irdata=CODE,ibigdata=CODE,ifardata=CODE -prparam=COMRAM \
  C:\Users\OMNITEK\AppData\Local\Temp\xcAs9qs.0\driver_tmp_14.o \
  dist/default/production\Rack_Pro_new_board_10_7_25.production.o 

Object code version is 3.11

Machine type is 18F26Q10



                Name                               Link     Load   Length Selector   Space Scale
C:\Users\OMNITEK\AppData\Local\Temp\xcAs9qs.0\driver_tmp_14.o
                config                           300000   300000        C        0       4
                init                               FFFC     FFFC        4     7FFE       0
                reset_vec                             0        0        4        0       0
dist/default/production\Rack_Pro_new_board_10_7_25.production.o
                config                           300000   300000        C        0       4
                mediumconst                        FE94     FE94      168     7F4A       0
                text93                             C93C     C93C       16     649E       0
                text92                             C980     C980       1A     64C0       0
                text91                             C952     C952       16     64A9       0
                text90                             C7F6     C7F6        6     63FB       0
                text89                             C7D6     C7D6        4     63EB       0
                text88                             C7FC     C7FC        6     63FE       0
                text87                             CB1E     CB1E       2C     658F       0
                text86                             C7DA     C7DA        4     63ED       0
                text85                             C7DE     C7DE        4     63EF       0
                text84                             C7E2     C7E2        4     63F1       0
                text83                             CA0E     CA0E       20     6507       0
                text82                             CE9C     CE9C       58     674E       0
                text81                             C900     C900       14     6480       0
                text80                             CA6E     CA6E       22     6537       0
                text79                             C7E6     C7E6        4     63F3       0
                text78                             C7EA     C7EA        4     63F5       0
                text77                             CA90     CA90       22     6548       0
                text76                             CAB2     CAB2       22     6559       0
                text75                             CAD4     CAD4       22     656A       0
                text74                             CBAA     CBAA       34     65D5       0
                text73                             C7EE     C7EE        4     63F7       0
                text72                             C802     C802        6     6401       0
                text71                             C7F2     C7F2        4     63F9       0
                text70                             C808     C808        6     6404       0
                text69                             C814     C814        8     640A       0
                text68                             C914     C914       14     648A       0
                text67                             C80E     C80E        6     6407       0
                text66                             D23E     D23E       78     691F       0
                text65                             C85C     C85C        A     642E       0
                text64                             C89A     C89A       10     644D       0
                text63                             C8AA     C8AA       10     6455       0
                text62                             D4AE     D4AE       C0     6A57       0
                text61                             D2B6     D2B6       A0     695B       0
                text60                             C88E     C88E        C     6447       0
                text59                             C81C     C81C        8     640E       0
                text58                             C824     C824        8     6412       0
                text57                             C82C     C82C        8     6416       0
                text56                             C834     C834        8     641A       0
                text55                             C83C     C83C        8     641E       0
                text54                             C844     C844        8     6422       0
                text53                             C84C     C84C        8     6426       0
                text52                             C866     C866        A     6433       0
                text51                             CEF4     CEF4       62     677A       0
                text50                             D15C     D15C       70     68AE       0
                text49                             C8CA     C8CA       12     6465       0
                text48                             C9B4     C9B4       1E     64DA       0
                text47                             CC8C     CC8C       42     6646       0
                text46                             C854     C854        8     642A       0
                text45                             CA2E     CA2E       20     6517       0
                text44                             D0EE     D0EE       6E     6877       0
                text43                             C928     C928       14     6494       0
                text42                             D01E     D01E       68     680F       0
                text41                             CF56     CF56       64     67AB       0
                text40                             CB4A     CB4A       30     65A5       0
                text39                             E152     E152      38E     70A9       0
                text38                             E4E0     E4E0      426     7270       0
                text37                             DAF0     DAF0      1B4     6D78       0
                text36                             D638     D638       CE     6B1C       0
                text35                             CB7A     CB7A       30     65BD       0
                text34                             C870     C870        A     6438       0
                text33                             C87A     C87A        A     643D       0
                text32                             C884     C884        A     6442       0
                text31                             CC50     CC50       3C     6628       0
                text30                             C8DC     C8DC       12     646E       0
                text29                             C8EE     C8EE       12     6477       0
                text28                             CDF0     CDF0       56     66F8       0
                text27                             C8BA     C8BA       10     645D       0
                text26                             C99A     C99A       1A     64CD       0
                text25                             D356     D356       AA     69AB       0
                text24                             D8E6     D8E6      104     6C73       0
                text23                             CBDE     CBDE       38     65EF       0
                text22                             E906     E906      4B6     7483       0
                text21                             CD10     CD10       46     6688       0
                text20                             D9EA     D9EA      106     6CF5       0
                text19                             D7EE     D7EE       F8     6BF7       0
                text18                             DCA4     DCA4      212     6E52       0
                text17                             CE46     CE46       56     6723       0
                text16                             CDA0     CDA0       50     66D0       0
                text15                             C968     C968       18     64B4       0
                text14                             CAF6     CAF6       28     657B       0
                text13                             C9D2     C9D2       1E     64E9       0
                text12                             D56E     D56E       CA     6AB7       0
                text11                             CCCE     CCCE       42     6667       0
                text10                             D086     D086       68     6843       0
                text9                              CC16     CC16       3A     660B       0
                text8                              F4BA     F4BA      9DA     7A5D       0
                text7                              D400     D400       AE     6A00       0
                text6                              D1CC     D1CC       72     68E6       0
                text5                              CFBA     CFBA       64     67DD       0
                text4                              D706     D706       E8     6B83       0
                text3                              DEB6     DEB6      29C     6F5B       0
                text2                              CD56     CD56       4A     66AB       0
                text1                              CA4E     CA4E       20     6527       0
                text0                              EDBC     EDBC      6FE     76DE       0
                cstackCOMRAM                          1        1       5F        1       1
                cstackBANK0                          60       60       5B       60       1
                bssBANK1                            100      100       5C      100       1
                bssBANK0                             BB       BB       43       60       1
                cinit                              C9F0     C9F0       1E     64F8       0
                nvBANK1                             15C      15C        4      100       1
                nvBANK0                              FE       FE        2       60       1

TOTAL           Name                               Link     Load   Length     Space
        CLASS   CODE           
                init                               FFFC     FFFC        4         0
                reset_vec                             0        0        4         0
                text93                             C93C     C93C       16         0
                text92                             C980     C980       1A         0
                text91                             C952     C952       16         0
                text90                             C7F6     C7F6        6         0
                text89                             C7D6     C7D6        4         0
                text88                             C7FC     C7FC        6         0
                text87                             CB1E     CB1E       2C         0
                text86                             C7DA     C7DA        4         0
                text85                             C7DE     C7DE        4         0
                text84                             C7E2     C7E2        4         0
                text83                             CA0E     CA0E       20         0
                text82                             CE9C     CE9C       58         0
                text81                             C900     C900       14         0
                text80                             CA6E     CA6E       22         0
                text79                             C7E6     C7E6        4         0
                text78                             C7EA     C7EA        4         0
                text77                             CA90     CA90       22         0
                text76                             CAB2     CAB2       22         0
                text75                             CAD4     CAD4       22         0
                text74                             CBAA     CBAA       34         0
                text73                             C7EE     C7EE        4         0
                text72                             C802     C802        6         0
                text71                             C7F2     C7F2        4         0
                text70                             C808     C808        6         0
                text69                             C814     C814        8         0
                text68                             C914     C914       14         0
                text67                             C80E     C80E        6         0
                text66                             D23E     D23E       78         0
                text65                             C85C     C85C        A         0
                text64                             C89A     C89A       10         0
                text63                             C8AA     C8AA       10         0
                text62                             D4AE     D4AE       C0         0
                text61                             D2B6     D2B6       A0         0
                text60                             C88E     C88E        C         0
                text59                             C81C     C81C        8         0
                text58                             C824     C824        8         0
                text57                             C82C     C82C        8         0
                text56                             C834     C834        8         0
                text55                             C83C     C83C        8         0
                text54                             C844     C844        8         0
                text53                             C84C     C84C        8         0
                text52                             C866     C866        A         0
                text51                             CEF4     CEF4       62         0
                text50                             D15C     D15C       70         0
                text49                             C8CA     C8CA       12         0
                text48                             C9B4     C9B4       1E         0
                text47                             CC8C     CC8C       42         0
                text46                             C854     C854        8         0
                text45                             CA2E     CA2E       20         0
                text44                             D0EE     D0EE       6E         0
                text43                             C928     C928       14         0
                text42                             D01E     D01E       68         0
                text41                             CF56     CF56       64         0
                text40                             CB4A     CB4A       30         0
                text39                             E152     E152      38E         0
                text38                             E4E0     E4E0      426         0
                text37                             DAF0     DAF0      1B4         0
                text36                             D638     D638       CE         0
                text35                             CB7A     CB7A       30         0
                text34                             C870     C870        A         0
                text33                             C87A     C87A        A         0
                text32                             C884     C884        A         0
                text31                             CC50     CC50       3C         0
                text30                             C8DC     C8DC       12         0
                text29                             C8EE     C8EE       12         0
                text28                             CDF0     CDF0       56         0
                text27                             C8BA     C8BA       10         0
                text26                             C99A     C99A       1A         0
                text25                             D356     D356       AA         0
                text24                             D8E6     D8E6      104         0
                text23                             CBDE     CBDE       38         0
                text22                             E906     E906      4B6         0
                text21                             CD10     CD10       46         0
                text20                             D9EA     D9EA      106         0
                text19                             D7EE     D7EE       F8         0
                text18                             DCA4     DCA4      212         0
                text17                             CE46     CE46       56         0
                text16                             CDA0     CDA0       50         0
                text15                             C968     C968       18         0
                text14                             CAF6     CAF6       28         0
                text13                             C9D2     C9D2       1E         0
                text12                             D56E     D56E       CA         0
                text11                             CCCE     CCCE       42         0
                text10                             D086     D086       68         0
                text9                              CC16     CC16       3A         0
                text8                              F4BA     F4BA      9DA         0
                text7                              D400     D400       AE         0
                text6                              D1CC     D1CC       72         0
                text5                              CFBA     CFBA       64         0
                text4                              D706     D706       E8         0
                text3                              DEB6     DEB6      29C         0
                text2                              CD56     CD56       4A         0
                text1                              CA4E     CA4E       20         0
                text0                              EDBC     EDBC      6FE         0
                cinit                              C9F0     C9F0       1E         0

        CLASS   CONST          

        CLASS   SMALLCONST     

        CLASS   MEDIUMCONST    
                mediumconst                        FE94     FE94      168         0

        CLASS   COMRAM         
                cstackCOMRAM                          1        1       5F         1

        CLASS   ABS1           

        CLASS   BIGRAM         

        CLASS   RAM            

        CLASS   BANK0          
                cstackBANK0                          60       60       5B         1
                bssBANK0                             BB       BB       43         1
                nvBANK0                              FE       FE        2         1

        CLASS   BANK1          
                bssBANK1                            100      100       5C         1
                nvBANK1                             15C      15C        4         1

        CLASS   BANK2          

        CLASS   BANK3          

        CLASS   BANK4          

        CLASS   BANK5          

        CLASS   BANK6          

        CLASS   BANK7          

        CLASS   BANK8          

        CLASS   BANK9          

        CLASS   BANK10         

        CLASS   BANK11         

        CLASS   BANK12         

        CLASS   BANK14         

        CLASS   SFR            

        CLASS   BIGSFR         

        CLASS   CONFIG         
                config                           300000   300000        C         4

        CLASS   IDLOC          

        CLASS   EEDATA         

        CLASS   FARRAM         

        CLASS   HEAP           

        CLASS   STACK          



SEGMENTS        Name                           Load    Length   Top    Selector   Space  Class

                reset_vec                      000000  000004  000004         0       0  CODE    
                cstackCOMRAM                   000001  00005F  000060         1       1  COMRAM  
                cstackBANK0                    000060  0000A0  000100        60       1  BANK0   
                bssBANK1                       000100  000060  000160       100       1  BANK1   
                text89                         00C7D6  000004  00C7DA      63EB       0  CODE    
                text86                         00C7DA  000004  00C7DE      63ED       0  CODE    
                text85                         00C7DE  000004  00C7E2      63EF       0  CODE    
                text84                         00C7E2  000004  00C7E6      63F1       0  CODE    
                text79                         00C7E6  000004  00C7EA      63F3       0  CODE    
                text78                         00C7EA  000004  00C7EE      63F5       0  CODE    
                text73                         00C7EE  000004  00C7F2      63F7       0  CODE    
                text71                         00C7F2  000004  00C7F6      63F9       0  CODE    
                text90                         00C7F6  000006  00C7FC      63FB       0  CODE    
                text88                         00C7FC  000006  00C802      63FE       0  CODE    
                text72                         00C802  000006  00C808      6401       0  CODE    
                text70                         00C808  000006  00C80E      6404       0  CODE    
                text67                         00C80E  000006  00C814      6407       0  CODE    
                text69                         00C814  000008  00C81C      640A       0  CODE    
                text59                         00C81C  000008  00C824      640E       0  CODE    
                text58                         00C824  000008  00C82C      6412       0  CODE    
                text57                         00C82C  000008  00C834      6416       0  CODE    
                text56                         00C834  000008  00C83C      641A       0  CODE    
                text55                         00C83C  000008  00C844      641E       0  CODE    
                text54                         00C844  000008  00C84C      6422       0  CODE    
                text53                         00C84C  000008  00C854      6426       0  CODE    
                text46                         00C854  000008  00C85C      642A       0  CODE    
                text65                         00C85C  00000A  00C866      642E       0  CODE    
                text52                         00C866  00000A  00C870      6433       0  CODE    
                text34                         00C870  00000A  00C87A      6438       0  CODE    
                text33                         00C87A  00000A  00C884      643D       0  CODE    
                text32                         00C884  00000A  00C88E      6442       0  CODE    
                text60                         00C88E  00000C  00C89A      6447       0  CODE    
                text64                         00C89A  000010  00C8AA      644D       0  CODE    
                text63                         00C8AA  000010  00C8BA      6455       0  CODE    
                text27                         00C8BA  000010  00C8CA      645D       0  CODE    
                text49                         00C8CA  000012  00C8DC      6465       0  CODE    
                text30                         00C8DC  000012  00C8EE      646E       0  CODE    
                text29                         00C8EE  000012  00C900      6477       0  CODE    
                text81                         00C900  000014  00C914      6480       0  CODE    
                text68                         00C914  000014  00C928      648A       0  CODE    
                text43                         00C928  000014  00C93C      6494       0  CODE    
                text93                         00C93C  000016  00C952      649E       0  CODE    
                text91                         00C952  000016  00C968      64A9       0  CODE    
                text15                         00C968  000018  00C980      64B4       0  CODE    
                text92                         00C980  00001A  00C99A      64C0       0  CODE    
                text26                         00C99A  00001A  00C9B4      64CD       0  CODE    
                text48                         00C9B4  00001E  00C9D2      64DA       0  CODE    
                text13                         00C9D2  00001E  00C9F0      64E9       0  CODE    
                cinit                          00C9F0  00001E  00CA0E      64F8       0  CODE    
                text83                         00CA0E  000020  00CA2E      6507       0  CODE    
                text45                         00CA2E  000020  00CA4E      6517       0  CODE    
                text1                          00CA4E  000020  00CA6E      6527       0  CODE    
                text80                         00CA6E  000022  00CA90      6537       0  CODE    
                text77                         00CA90  000022  00CAB2      6548       0  CODE    
                text76                         00CAB2  000022  00CAD4      6559       0  CODE    
                text75                         00CAD4  000022  00CAF6      656A       0  CODE    
                text14                         00CAF6  000028  00CB1E      657B       0  CODE    
                text87                         00CB1E  00002C  00CB4A      658F       0  CODE    
                text40                         00CB4A  000030  00CB7A      65A5       0  CODE    
                text35                         00CB7A  000030  00CBAA      65BD       0  CODE    
                text74                         00CBAA  000034  00CBDE      65D5       0  CODE    
                text23                         00CBDE  000038  00CC16      65EF       0  CODE    
                text9                          00CC16  00003A  00CC50      660B       0  CODE    
                text31                         00CC50  00003C  00CC8C      6628       0  CODE    
                text47                         00CC8C  000042  00CCCE      6646       0  CODE    
                text11                         00CCCE  000042  00CD10      6667       0  CODE    
                text21                         00CD10  000046  00CD56      6688       0  CODE    
                text2                          00CD56  00004A  00CDA0      66AB       0  CODE    
                text16                         00CDA0  000050  00CDF0      66D0       0  CODE    
                text28                         00CDF0  000056  00CE46      66F8       0  CODE    
                text17                         00CE46  000056  00CE9C      6723       0  CODE    
                text82                         00CE9C  000058  00CEF4      674E       0  CODE    
                text51                         00CEF4  000062  00CF56      677A       0  CODE    
                text41                         00CF56  000064  00CFBA      67AB       0  CODE    
                text5                          00CFBA  000064  00D01E      67DD       0  CODE    
                text42                         00D01E  000068  00D086      680F       0  CODE    
                text10                         00D086  000068  00D0EE      6843       0  CODE    
                text44                         00D0EE  00006E  00D15C      6877       0  CODE    
                text50                         00D15C  000070  00D1CC      68AE       0  CODE    
                text6                          00D1CC  000072  00D23E      68E6       0  CODE    
                text66                         00D23E  000078  00D2B6      691F       0  CODE    
                text61                         00D2B6  0000A0  00D356      695B       0  CODE    
                text25                         00D356  0000AA  00D400      69AB       0  CODE    
                text7                          00D400  0000AE  00D4AE      6A00       0  CODE    
                text62                         00D4AE  0000C0  00D56E      6A57       0  CODE    
                text12                         00D56E  0000CA  00D638      6AB7       0  CODE    
                text36                         00D638  0000CE  00D706      6B1C       0  CODE    
                text4                          00D706  0000E8  00D7EE      6B83       0  CODE    
                text19                         00D7EE  0000F8  00D8E6      6BF7       0  CODE    
                text24                         00D8E6  000104  00D9EA      6C73       0  CODE    
                text20                         00D9EA  000106  00DAF0      6CF5       0  CODE    
                text37                         00DAF0  0001B4  00DCA4      6D78       0  CODE    
                text18                         00DCA4  000212  00DEB6      6E52       0  CODE    
                text3                          00DEB6  00029C  00E152      6F5B       0  CODE    
                text39                         00E152  00038E  00E4E0      70A9       0  CODE    
                text38                         00E4E0  000426  00E906      7270       0  CODE    
                text22                         00E906  0004B6  00EDBC      7483       0  CODE    
                text0                          00EDBC  0006FE  00F4BA      76DE       0  CODE    
                text8                          00F4BA  0009DA  00FE94      7A5D       0  CODE    
                mediumconst                    00FE94  000168  00FFFC      7F4A       0  MEDIUMCO
                init                           00FFFC  000004  010000      7FFE       0  CODE    


UNUSED ADDRESS RANGES

        Name                Unused          Largest block    Delta
        BANK1            000160-0001FF               A0
        BANK10           000A00-000AFF              100
        BANK11           000B00-000BFF              100
        BANK12           000C00-000CFF              100
        BANK14           000E00-000E1E               1F
        BANK2            000200-0002FF              100
        BANK3            000300-0003FF              100
        BANK4            000400-0004FF              100
        BANK5            000500-0005FF              100
        BANK6            000600-0006FF              100
        BANK7            000700-0007FF              100
        BANK8            000800-0008FF              100
        BANK9            000900-0009FF              100
        BIGRAM           000160-000CFF              BA0
                         000E00-000E1E               1F
        BIGSFR           000D00-000DFF              100
                         000E1F-000FFF              1E1
        CODE             000004-00C7D5             C7D2
        CONST            000004-00C7D5             C7D2
        EEDATA           310000-3103FF              400
        IDLOC            200000-2000FF              100
        MEDIUMCONST      001000-00C7D5             B7D6
        RAM              000160-000CFF              100
                         000E00-000E1E               1F
        SFR              000D00-000DFF              100
                         000E1F-000FFF               E1
        SMALLCONST       001000-00C7D5              100

                                  Symbol Table

?_ADCC_GetConversionResult                      cstackCOMRAM 000001
?_ADCC_GetSingleConversion                      cstackCOMRAM 000001
?_Read_BatteryVoltage                           cstackCOMRAM 000041
?___fladd                                       cstackCOMRAM 000001
?___fldiv                                       cstackCOMRAM 000028
?___flmul                                       cstackCOMRAM 00000F
?___flneg                                       cstackCOMRAM 000001
?___flsub                                       cstackCOMRAM 000028
?___fltol                                       cstackCOMRAM 000001
?___fpclassifyf                                 cstackCOMRAM 000001
?___lwdiv                                       cstackCOMRAM 000001
?___lwmod                                       cstackCOMRAM 000001
?___xxtofl                                      cstackCOMRAM 000001
?_floorf                                        cstackCOMRAM 000041
?_labs                                          cstackCOMRAM 000001
?_printf                                        cstackBANK0  00009E
?_read_prec_or_width                            cstackCOMRAM 000001
?_vfprintf                                      cstackBANK0  000097
ADCC_GetSingleConversion@channel                cstackCOMRAM 000005
EUSART1_SetErrorHandler@interruptHandler        cstackCOMRAM 000001
EUSART1_SetFramingErrorHandler@interruptHandler cstackCOMRAM 000001
EUSART1_SetOverrunErrorHandler@interruptHandler cstackCOMRAM 000001
EUSART1_Write@txData                            cstackCOMRAM 000001
I2C1_Close@returnValue                          cstackCOMRAM 000001
I2C1_MasterOperation@read                       cstackCOMRAM 00000D
I2C1_MasterOperation@returnValue                cstackCOMRAM 00000E
I2C1_MasterSendTxData@data                      cstackCOMRAM 000001
I2C1_Open@address                               cstackCOMRAM 000001
I2C1_Open@returnValue                           cstackCOMRAM 000002
I2C1_Read1ByteRegister@address                  cstackCOMRAM 000010
I2C1_Read1ByteRegister@reg                      cstackCOMRAM 00000F
I2C1_Read1ByteRegister@returnValue              cstackCOMRAM 000011
I2C1_SetAddressNackCallback@cb                  cstackCOMRAM 000005
I2C1_SetAddressNackCallback@ptr                 cstackCOMRAM 000007
I2C1_SetBuffer@buffer                           cstackCOMRAM 000001
I2C1_SetBuffer@bufferSize                       cstackCOMRAM 000002
I2C1_SetCallback@cb                             cstackCOMRAM 000001
I2C1_SetCallback@idx                            cstackCOMRAM 000004
I2C1_SetCallback@ptr                            cstackCOMRAM 000003
I2C1_SetDataCompleteCallback@cb                 cstackCOMRAM 000005
I2C1_SetDataCompleteCallback@ptr                cstackCOMRAM 000007
I2C1_Write1ByteRegister@address                 cstackCOMRAM 000011
I2C1_Write1ByteRegister@data                    cstackCOMRAM 000010
I2C1_Write1ByteRegister@reg                     cstackCOMRAM 00000F
Read_BatteryVoltage@adcValue                    cstackCOMRAM 00004D
Read_BatteryVoltage@vBatt                       cstackCOMRAM 000045
Read_BatteryVoltage@vRead                       cstackCOMRAM 000049
_ADACCH                                         (abs)        000F6C
_ADACCL                                         (abs)        000F6B
_ADACQ                                          (abs)        000F57
_ADACT                                          (abs)        000F51
_ADCAP                                          (abs)        000F58
_ADCC_GetConversionResult                       text93       00C93C
_ADCC_GetSingleConversion                       text40       00CB4A
_ADCC_Initialize                                text35       00CB7A
_ADCLK                                          (abs)        000F52
_ADCNT                                          (abs)        000F62
_ADCON0                                         (abs)        000F5B
_ADCON0bits                                     (abs)        000F5B
_ADCON1                                         (abs)        000F54
_ADCON1bits                                     (abs)        000F54
_ADCON2                                         (abs)        000F55
_ADCON2bits                                     (abs)        000F55
_ADCON3                                         (abs)        000F56
_ADCON3bits                                     (abs)        000F56
_ADERRH                                         (abs)        000F6A
_ADERRL                                         (abs)        000F69
_ADFLTRH                                        (abs)        000F6E
_ADFLTRL                                        (abs)        000F6D
_ADLTHH                                         (abs)        000F66
_ADLTHL                                         (abs)        000F65
_ADPCH                                          (abs)        000F5A
_ADPRE                                          (abs)        000F59
_ADPREVH                                        (abs)        000F5D
_ADPREVL                                        (abs)        000F5C
_ADREF                                          (abs)        000F53
_ADRESH                                         (abs)        000F5F
_ADRESL                                         (abs)        000F5E
_ADRPT                                          (abs)        000F61
_ADSTAT                                         (abs)        000F60
_ADSTATbits                                     (abs)        000F60
_ADSTPTH                                        (abs)        000F64
_ADSTPTL                                        (abs)        000F63
_ADUTHH                                         (abs)        000F68
_ADUTHL                                         (abs)        000F67
_ANSELA                                         (abs)        000F0C
_ANSELB                                         (abs)        000F14
_ANSELC                                         (abs)        000F1C
_ANSELCbits                                     (abs)        000F1C
_BAUD1CON                                       (abs)        000F9E
_EUSART1_DefaultErrorHandler                    (abs)        000000
_EUSART1_DefaultFramingErrorHandler             (abs)        000000
_EUSART1_DefaultOverrunErrorHandler             (abs)        000000
_EUSART1_ErrorHandler                           nvBANK1      00015C
_EUSART1_FramingErrorHandler                    nvBANK0      0000FE
_EUSART1_Initialize                             text31       00CC50
_EUSART1_OverrunErrorHandler                    nvBANK1      00015E
_EUSART1_Read                                   text92       00C980
_EUSART1_SetErrorHandler                        text34       00C870
_EUSART1_SetFramingErrorHandler                 text33       00C87A
_EUSART1_SetOverrunErrorHandler                 text32       00C884
_EUSART1_Write                                  text15       00C968
_EUSART1_is_rx_ready                            text91       00C952
_EUSART1_is_tx_ready                            text14       00CAF6
_EUSART1_is_tx_ready$248                        cstackCOMRAM 000001
_FilterPresence                                 bssBANK1     000108
_I2C1_CallbackReturnReset                       text78       00C7EA
_I2C1_CallbackReturnStop                        text79       00C7E6
_I2C1_Close                                     text87       00CB1E
_I2C1_DO_ADDRESS_NACK                           text51       00CEF4
_I2C1_DO_IDLE                                   text65       00C85C
_I2C1_DO_RCEN                                   text60       00C88E
_I2C1_DO_RESET                                  text52       00C866
_I2C1_DO_RX                                     text61       00D2B6
_I2C1_DO_RX_ACK                                 text55       00C83C
_I2C1_DO_RX_NACK_RESTART                        text53       00C84C
_I2C1_DO_RX_NACK_STOP                           text54       00C844
_I2C1_DO_SEND_ADR_READ                          text64       00C89A
_I2C1_DO_SEND_ADR_WRITE                         text63       00C8AA
_I2C1_DO_SEND_RESTART                           text57       00C82C
_I2C1_DO_SEND_RESTART_READ                      text59       00C81C
_I2C1_DO_SEND_RESTART_WRITE                     text58       00C824
_I2C1_DO_SEND_STOP                              text56       00C834
_I2C1_DO_TX                                     text62       00D4AE
_I2C1_DO_TX_EMPTY                               text66       00D23E
_I2C1_Initialize                                text30       00C8DC
_I2C1_MasterClearIrq                            text90       00C7F6
_I2C1_MasterClose                               text89       00C7D6
_I2C1_MasterDisableIrq                          text88       00C7FC
_I2C1_MasterEnableRestart                       text85       00C7DE
_I2C1_MasterFsm                                 text50       00D15C
_I2C1_MasterGetRxData                           text71       00C7F2
_I2C1_MasterIsNack                              text68       00C914
_I2C1_MasterOpen                                text45       00CA2E
_I2C1_MasterOperation                           text47       00CC8C
_I2C1_MasterSendAck                             text70       00C808
_I2C1_MasterSendNack                            text72       00C802
_I2C1_MasterSendTxData                          text69       00C814
_I2C1_MasterSetIrq                              text67       00C80E
_I2C1_MasterStart                               text86       00C7DA
_I2C1_MasterStartRx                             text73       00C7EE
_I2C1_MasterStop                                text84       00C7E2
_I2C1_MasterWaitForEvent                        text49       00C8CA
_I2C1_MasterWrite                               text46       00C854
_I2C1_Open                                      text44       00D0EE
_I2C1_Poller                                    text48       00C9B4
_I2C1_Read1ByteRegister                         text42       00D01E
_I2C1_SetAddressNackCallback                    text43       00C928
_I2C1_SetBuffer                                 text83       00CA0E
_I2C1_SetCallback                               text82       00CE9C
_I2C1_SetDataCompleteCallback                   text81       00C900
_I2C1_Status                                    bssBANK0     0000BB
_I2C1_Write1ByteRegister                        text41       00CF56
_INLVLA                                         (abs)        000F08
_INLVLB                                         (abs)        000F10
_INLVLC                                         (abs)        000F18
_INLVLE                                         (abs)        000F25
_LATA                                           (abs)        000F82
_LATAbits                                       (abs)        000F82
_LATB                                           (abs)        000F83
_LATBbits                                       (abs)        000F83
_LATC                                           (abs)        000F84
_Motion                                         bssBANK0     0000E8
_ODCONA                                         (abs)        000F0A
_ODCONB                                         (abs)        000F12
_ODCONC                                         (abs)        000F1A
_OSCCON1                                        (abs)        000ED3
_OSCCON3                                        (abs)        000ED5
_OSCEN                                          (abs)        000ED7
_OSCFRQ                                         (abs)        000ED9
_OSCILLATOR_Initialize                          text29       00C8EE
_OSCTUNE                                        (abs)        000ED8
_PIE3bits                                       (abs)        000EC0
_PIN_MANAGER_Initialize                         text28       00CDF0
_PIR3bits                                       (abs)        000EC8
_PMD0                                           (abs)        000EDC
_PMD1                                           (abs)        000EDD
_PMD2                                           (abs)        000EDE
_PMD3                                           (abs)        000EDF
_PMD4                                           (abs)        000EE0
_PMD5                                           (abs)        000EE1
_PMD_Initialize                                 text27       00C8BA
_Presence                                       bssBANK0     0000EA
_RC1REG                                         (abs)        000F98
_RC1STA                                         (abs)        000F9C
_RC1STAbits                                     (abs)        000F9C
_RC3PPS                                         (abs)        000EF5
_RC4PPS                                         (abs)        000EF6
_RC6PPS                                         (abs)        000EF8
_RX1PPS                                         (abs)        000EB0
_RX_I2C_A1                                      bssBANK0     0000F8
_RX_I2C_A2                                      bssBANK0     0000F7
_RX_I2C_FS                                      bssBANK0     0000F2
_RX_I2C_L1                                      bssBANK0     0000F4
_RX_I2C_L2                                      bssBANK0     0000F3
_RX_I2C_M1                                      bssBANK0     0000F6
_RX_I2C_M2                                      bssBANK0     0000F5
_RX_I2C_P1                                      bssBANK0     0000FA
_RX_I2C_P2                                      bssBANK0     0000F9
_RX_I2C_Ready                                   bssBANK0     0000FB
_RXvalue                                        bssBANK0     0000FC
_Read_BatteryVoltage                            text36       00D638
_SLRCONA                                        (abs)        000F09
_SLRCONB                                        (abs)        000F11
_SLRCONC                                        (abs)        000F19
_SP1BRGH                                        (abs)        000F9B
_SP1BRGL                                        (abs)        000F9A
_SSP1ADD                                        (abs)        000F92
_SSP1BUF                                        (abs)        000F91
_SSP1CON1                                       (abs)        000F95
_SSP1CON1bits                                   (abs)        000F95
_SSP1CON2                                       (abs)        000F96
_SSP1CON2bits                                   (abs)        000F96
_SSP1STAT                                       (abs)        000F94
_SSP1STATbits                                   (abs)        000F94
_SSPCLKPPS                                      (abs)        000EB2
_SSPDATPPS                                      (abs)        000EB3
_SYSTEM_Initialize                              text26       00C99A
_TRISA                                          (abs)        000F87
_TRISB                                          (abs)        000F88
_TRISBbits                                      (abs)        000F88
_TRISC                                          (abs)        000F89
_TX1REG                                         (abs)        000F99
_TX1STA                                         (abs)        000F9D
_TX1STAbits                                     (abs)        000F9D
_WPUA                                           (abs)        000F0B
_WPUB                                           (abs)        000F13
_WPUC                                           (abs)        000F1B
_WPUE                                           (abs)        000F28
__HRAM                                          (abs)        000000
__H__absolute__                                 __absolute__ 000000
__Habs1                                         abs1         000000
__Hbank0                                        bank0        000000
__Hbank1                                        bank1        000000
__Hbank10                                       bank10       000000
__Hbank11                                       bank11       000000
__Hbank12                                       bank12       000000
__Hbank14                                       bank14       000000
__Hbank2                                        bank2        000000
__Hbank3                                        bank3        000000
__Hbank4                                        bank4        000000
__Hbank5                                        bank5        000000
__Hbank6                                        bank6        000000
__Hbank7                                        bank7        000000
__Hbank8                                        bank8        000000
__Hbank9                                        bank9        000000
__Hbigbss                                       bigbss       000000
__Hbigdata                                      bigdata      000000
__Hbigram                                       bigram       000000
__Hbigsfr                                       bigsfr       000000
__Hbss                                          bss          000000
__HbssBANK0                                     bssBANK0     000000
__HbssBANK1                                     bssBANK1     000000
__Hcinit                                        cinit        000000
__Hclrtext                                      clrtext      000000
__Hcomram                                       comram       000000
__Hconfig                                       config       30000C
__Hconst                                        const        000000
__HcstackBANK0                                  cstackBANK0  000000
__HcstackCOMRAM                                 cstackCOMRAM 000000
__Hdata                                         data         000000
__Heeprom_data                                  eeprom_data  000000
__Hfarbss                                       farbss       000000
__Hfardata                                      fardata      000000
__Hheap                                         heap         000000
__Hibigdata                                     ibigdata     000000
__Hidata                                        idata        000000
__Hidloc                                        idloc        000000
__Hifardata                                     ifardata     000000
__Hinit                                         init         010000
__Hintcode                                      intcode      000008
__Hintcode_body                                 intcode_body 000000
__Hintcodelo                                    intcodelo    000018
__Hintentry                                     intentry     000000
__Hintret                                       intret       000000
__Hintsave_regs                                 intsave_regs 000000
__Hirdata                                       irdata       000000
__Hmediumconst                                  mediumconst  00FFFC
__HnvBANK0                                      nvBANK0      000000
__HnvBANK1                                      nvBANK1      000000
__HnvFARRAM                                     nvFARRAM     000000
__Hnvbit                                        nvbit        000000
__Hnvrram                                       nvrram       000000
__Hparam                                        rparam       000000
__Hpowerup                                      powerup      000000
__Hram                                          ram          000000
__Hramtop                                       ramtop       001000
__Hrbit                                         rbit         000000
__Hrbss                                         rbss         000000
__Hrdata                                        rdata        000000
__Hreset_vec                                    reset_vec    000004
__Hrparam                                       rparam       000000
__Hsfr                                          sfr          000000
__Hsivt_hi                                      sivt_hi      000000
__Hsivt_lo                                      sivt_lo      000018
__Hsmallconst                                   smallconst   000000
__Hspace_0                                      (abs)        010000
__Hspace_1                                      (abs)        000160
__Hspace_2                                      (abs)        000000
__Hspace_4                                      (abs)        60000C
__Hstack                                        stack        000000
__Hstruct                                       struct       000000
__Htemp                                         temp         000000
__Htext                                         text         000000
__Htext0                                        text0        000000
__Htext1                                        text1        000000
__Htext10                                       text10       000000
__Htext11                                       text11       000000
__Htext12                                       text12       000000
__Htext13                                       text13       000000
__Htext14                                       text14       000000
__Htext15                                       text15       000000
__Htext16                                       text16       000000
__Htext17                                       text17       000000
__Htext18                                       text18       000000
__Htext19                                       text19       000000
__Htext2                                        text2        000000
__Htext20                                       text20       000000
__Htext21                                       text21       000000
__Htext22                                       text22       000000
__Htext23                                       text23       000000
__Htext24                                       text24       000000
__Htext25                                       text25       000000
__Htext26                                       text26       000000
__Htext27                                       text27       000000
__Htext28                                       text28       000000
__Htext29                                       text29       000000
__Htext3                                        text3        000000
__Htext30                                       text30       000000
__Htext31                                       text31       000000
__Htext32                                       text32       000000
__Htext33                                       text33       000000
__Htext34                                       text34       000000
__Htext35                                       text35       000000
__Htext36                                       text36       000000
__Htext37                                       text37       000000
__Htext38                                       text38       000000
__Htext39                                       text39       000000
__Htext4                                        text4        000000
__Htext40                                       text40       000000
__Htext41                                       text41       000000
__Htext42                                       text42       000000
__Htext43                                       text43       000000
__Htext44                                       text44       000000
__Htext45                                       text45       000000
__Htext46                                       text46       000000
__Htext47                                       text47       000000
__Htext48                                       text48       000000
__Htext49                                       text49       000000
__Htext5                                        text5        000000
__Htext50                                       text50       000000
__Htext51                                       text51       000000
__Htext52                                       text52       000000
__Htext53                                       text53       000000
__Htext54                                       text54       000000
__Htext55                                       text55       000000
__Htext56                                       text56       000000
__Htext57                                       text57       000000
__Htext58                                       text58       000000
__Htext59                                       text59       000000
__Htext6                                        text6        000000
__Htext60                                       text60       000000
__Htext61                                       text61       000000
__Htext62                                       text62       000000
__Htext63                                       text63       000000
__Htext64                                       text64       000000
__Htext65                                       text65       000000
__Htext66                                       text66       000000
__Htext67                                       text67       000000
__Htext68                                       text68       000000
__Htext69                                       text69       000000
__Htext7                                        text7        000000
__Htext70                                       text70       000000
__Htext71                                       text71       000000
__Htext72                                       text72       000000
__Htext73                                       text73       000000
__Htext74                                       text74       000000
__Htext75                                       text75       000000
__Htext76                                       text76       000000
__Htext77                                       text77       000000
__Htext78                                       text78       000000
__Htext79                                       text79       000000
__Htext8                                        text8        000000
__Htext80                                       text80       000000
__Htext81                                       text81       000000
__Htext82                                       text82       000000
__Htext83                                       text83       000000
__Htext84                                       text84       000000
__Htext85                                       text85       000000
__Htext86                                       text86       000000
__Htext87                                       text87       000000
__Htext88                                       text88       000000
__Htext89                                       text89       000000
__Htext9                                        text9        000000
__Htext90                                       text90       000000
__Htext91                                       text91       000000
__Htext92                                       text92       000000
__Htext93                                       text93       000000
__LRAM                                          (abs)        000001
__L__absolute__                                 __absolute__ 000000
__Labs1                                         abs1         000000
__Lbank0                                        bank0        000000
__Lbank1                                        bank1        000000
__Lbank10                                       bank10       000000
__Lbank11                                       bank11       000000
__Lbank12                                       bank12       000000
__Lbank14                                       bank14       000000
__Lbank2                                        bank2        000000
__Lbank3                                        bank3        000000
__Lbank4                                        bank4        000000
__Lbank5                                        bank5        000000
__Lbank6                                        bank6        000000
__Lbank7                                        bank7        000000
__Lbank8                                        bank8        000000
__Lbank9                                        bank9        000000
__Lbigbss                                       bigbss       000000
__Lbigdata                                      bigdata      000000
__Lbigram                                       bigram       000000
__Lbigsfr                                       bigsfr       000000
__Lbss                                          bss          000000
__LbssBANK0                                     bssBANK0     000000
__LbssBANK1                                     bssBANK1     000000
__Lcinit                                        cinit        000000
__Lclrtext                                      clrtext      000000
__Lcomram                                       comram       000000
__Lconfig                                       config       000000
__Lconst                                        const        000000
__LcstackBANK0                                  cstackBANK0  000000
__LcstackCOMRAM                                 cstackCOMRAM 000000
__Ldata                                         data         000000
__Leeprom_data                                  eeprom_data  000000
__Lfarbss                                       farbss       000000
__Lfardata                                      fardata      000000
__Lheap                                         heap         000000
__Libigdata                                     ibigdata     000000
__Lidata                                        idata        000000
__Lidloc                                        idloc        000000
__Lifardata                                     ifardata     000000
__Linit                                         init         00FFFC
__Lintcode                                      intcode      000008
__Lintcode_body                                 intcode_body 000000
__Lintcodelo                                    intcodelo    000018
__Lintentry                                     intentry     000000
__Lintret                                       intret       000000
__Lintsave_regs                                 intsave_regs 000000
__Lirdata                                       irdata       000000
__Lmediumconst                                  mediumconst  00FE94
__LnvBANK0                                      nvBANK0      000000
__LnvBANK1                                      nvBANK1      000000
__LnvFARRAM                                     nvFARRAM     000000
__Lnvbit                                        nvbit        000000
__Lnvrram                                       nvrram       000000
__Lparam                                        rparam       000000
__Lpowerup                                      powerup      000000
__Lram                                          ram          000000
__Lramtop                                       ramtop       001000
__Lrbit                                         rbit         000000
__Lrbss                                         rbss         000000
__Lrdata                                        rdata        000000
__Lreset_vec                                    reset_vec    000000
__Lrparam                                       rparam       000000
__Lsfr                                          sfr          000000
__Lsivt_hi                                      sivt_hi      000000
__Lsivt_lo                                      sivt_lo      000018
__Lsmallconst                                   smallconst   000000
__Lspace_0                                      (abs)        000000
__Lspace_1                                      (abs)        000000
__Lspace_2                                      (abs)        000000
__Lspace_4                                      (abs)        000000
__Lstack                                        stack        000000
__Lstruct                                       struct       000000
__Ltemp                                         temp         000000
__Ltext                                         text         000000
__Ltext0                                        text0        000000
__Ltext1                                        text1        000000
__Ltext10                                       text10       000000
__Ltext11                                       text11       000000
__Ltext12                                       text12       000000
__Ltext13                                       text13       000000
__Ltext14                                       text14       000000
__Ltext15                                       text15       000000
__Ltext16                                       text16       000000
__Ltext17                                       text17       000000
__Ltext18                                       text18       000000
__Ltext19                                       text19       000000
__Ltext2                                        text2        000000
__Ltext20                                       text20       000000
__Ltext21                                       text21       000000
__Ltext22                                       text22       000000
__Ltext23                                       text23       000000
__Ltext24                                       text24       000000
__Ltext25                                       text25       000000
__Ltext26                                       text26       000000
__Ltext27                                       text27       000000
__Ltext28                                       text28       000000
__Ltext29                                       text29       000000
__Ltext3                                        text3        000000
__Ltext30                                       text30       000000
__Ltext31                                       text31       000000
__Ltext32                                       text32       000000
__Ltext33                                       text33       000000
__Ltext34                                       text34       000000
__Ltext35                                       text35       000000
__Ltext36                                       text36       000000
__Ltext37                                       text37       000000
__Ltext38                                       text38       000000
__Ltext39                                       text39       000000
__Ltext4                                        text4        000000
__Ltext40                                       text40       000000
__Ltext41                                       text41       000000
__Ltext42                                       text42       000000
__Ltext43                                       text43       000000
__Ltext44                                       text44       000000
__Ltext45                                       text45       000000
__Ltext46                                       text46       000000
__Ltext47                                       text47       000000
__Ltext48                                       text48       000000
__Ltext49                                       text49       000000
__Ltext5                                        text5        000000
__Ltext50                                       text50       000000
__Ltext51                                       text51       000000
__Ltext52                                       text52       000000
__Ltext53                                       text53       000000
__Ltext54                                       text54       000000
__Ltext55                                       text55       000000
__Ltext56                                       text56       000000
__Ltext57                                       text57       000000
__Ltext58                                       text58       000000
__Ltext59                                       text59       000000
__Ltext6                                        text6        000000
__Ltext60                                       text60       000000
__Ltext61                                       text61       000000
__Ltext62                                       text62       000000
__Ltext63                                       text63       000000
__Ltext64                                       text64       000000
__Ltext65                                       text65       000000
__Ltext66                                       text66       000000
__Ltext67                                       text67       000000
__Ltext68                                       text68       000000
__Ltext69                                       text69       000000
__Ltext7                                        text7        000000
__Ltext70                                       text70       000000
__Ltext71                                       text71       000000
__Ltext72                                       text72       000000
__Ltext73                                       text73       000000
__Ltext74                                       text74       000000
__Ltext75                                       text75       000000
__Ltext76                                       text76       000000
__Ltext77                                       text77       000000
__Ltext78                                       text78       000000
__Ltext79                                       text79       000000
__Ltext8                                        text8        000000
__Ltext80                                       text80       000000
__Ltext81                                       text81       000000
__Ltext82                                       text82       000000
__Ltext83                                       text83       000000
__Ltext84                                       text84       000000
__Ltext85                                       text85       000000
__Ltext86                                       text86       000000
__Ltext87                                       text87       000000
__Ltext88                                       text88       000000
__Ltext89                                       text89       000000
__Ltext9                                        text9        000000
__Ltext90                                       text90       000000
__Ltext91                                       text91       000000
__Ltext92                                       text92       000000
__Ltext93                                       text93       000000
__S0                                            (abs)        010000
__S1                                            (abs)        000160
__S4                                            (abs)        000000
__S5                                            (abs)        000000
___fladd                                        text22       00E906
___fladd@a                                      cstackCOMRAM 000005
___fladd@aexp                                   cstackCOMRAM 00000E
___fladd@b                                      cstackCOMRAM 000001
___fladd@bexp                                   cstackCOMRAM 00000F
___fladd@grs                                    cstackCOMRAM 000010
___fladd@signs                                  cstackCOMRAM 00000D
___fldiv                                        text39       00E152
___fldiv@a                                      cstackCOMRAM 00002C
___fldiv@aexp                                   cstackCOMRAM 000040
___fldiv@b                                      cstackCOMRAM 000028
___fldiv@bexp                                   cstackCOMRAM 00003F
___fldiv@grs                                    cstackCOMRAM 00003B
___fldiv@new_exp                                cstackCOMRAM 000039
___fldiv@rem                                    cstackCOMRAM 000034
___fldiv@sign                                   cstackCOMRAM 000038
___fleq                                         text25       00D356
___fleq@ff1                                     cstackCOMRAM 000001
___fleq@ff2                                     cstackCOMRAM 000005
___flge                                         text24       00D8E6
___flge@ff1                                     cstackCOMRAM 000028
___flge@ff2                                     cstackCOMRAM 00002C
___flmul                                        text38       00E4E0
___flmul@a                                      cstackCOMRAM 000013
___flmul@aexp                                   cstackCOMRAM 00001C
___flmul@b                                      cstackCOMRAM 00000F
___flmul@bexp                                   cstackCOMRAM 000021
___flmul@grs                                    cstackCOMRAM 00001D
___flmul@prod                                   cstackCOMRAM 000022
___flmul@sign                                   cstackCOMRAM 00001B
___flmul@temp                                   cstackCOMRAM 000026
___flneg                                        text23       00CBDE
___flneg@f1                                     cstackCOMRAM 000001
___flsub                                        text21       00CD10
___flsub@a                                      cstackCOMRAM 00002C
___flsub@b                                      cstackCOMRAM 000028
___fltol                                        text20       00D9EA
___fltol@exp1                                   cstackCOMRAM 00000A
___fltol@f1                                     cstackCOMRAM 000001
___fltol@sign1                                  cstackCOMRAM 000009
___fpclassifyf                                  text19       00D7EE
___fpclassifyf@F465                             bssBANK1     000104
___fpclassifyf@e                                cstackCOMRAM 000009
___fpclassifyf@u                                cstackCOMRAM 00000B
___fpclassifyf@x                                cstackCOMRAM 000001
___heap_hi                                      (abs)        000000
___heap_lo                                      (abs)        000000
___inthi_sp                                     stack        000000
___inthi_stack_hi                               stack        000000
___inthi_stack_lo                               stack        000000
___intlo_sp                                     stack        000000
___intlo_stack_hi                               stack        000000
___intlo_stack_lo                               stack        000000
___lwdiv                                        text6        00D1CC
___lwdiv@counter                                cstackCOMRAM 000005
___lwdiv@dividend                               cstackCOMRAM 000001
___lwdiv@divisor                                cstackCOMRAM 000003
___lwdiv@quotient                               cstackCOMRAM 000006
___lwmod                                        text5        00CFBA
___lwmod@counter                                cstackCOMRAM 000005
___lwmod@dividend                               cstackCOMRAM 000001
___lwmod@divisor                                cstackCOMRAM 000003
___param_bank                                   (abs)        000000
___rparam_used                                  (abs)        000001
___sp                                           stack        000000
___stack_hi                                     stack        000000
___stack_lo                                     stack        000000
___xxtofl                                       text37       00DAF0
___xxtofl@arg                                   cstackCOMRAM 00000B
___xxtofl@exp                                   cstackCOMRAM 00000A
___xxtofl@sign                                  cstackCOMRAM 000009
___xxtofl@val                                   cstackCOMRAM 000001
__accesstop                                     (abs)        000060
__activetblptr                                  (abs)        000003
__end_of_ADCC_GetConversionResult               text93       00C952
__end_of_ADCC_GetSingleConversion               text40       00CB7A
__end_of_ADCC_Initialize                        text35       00CBAA
__end_of_EUSART1_Initialize                     text31       00CC8C
__end_of_EUSART1_Read                           text92       00C99A
__end_of_EUSART1_SetErrorHandler                text34       00C87A
__end_of_EUSART1_SetFramingErrorHandler         text33       00C884
__end_of_EUSART1_SetOverrunErrorHandler         text32       00C88E
__end_of_EUSART1_Write                          text15       00C980
__end_of_EUSART1_is_rx_ready                    text91       00C968
__end_of_EUSART1_is_tx_ready                    text14       00CB1E
__end_of_I2C1_CallbackReturnReset               text78       00C7EE
__end_of_I2C1_CallbackReturnStop                text79       00C7EA
__end_of_I2C1_Close                             text87       00CB4A
__end_of_I2C1_DO_ADDRESS_NACK                   text51       00CF56
__end_of_I2C1_DO_IDLE                           text65       00C866
__end_of_I2C1_DO_RCEN                           text60       00C89A
__end_of_I2C1_DO_RESET                          text52       00C870
__end_of_I2C1_DO_RX                             text61       00D356
__end_of_I2C1_DO_RX_ACK                         text55       00C844
__end_of_I2C1_DO_RX_NACK_RESTART                text53       00C854
__end_of_I2C1_DO_RX_NACK_STOP                   text54       00C84C
__end_of_I2C1_DO_SEND_ADR_READ                  text64       00C8AA
__end_of_I2C1_DO_SEND_ADR_WRITE                 text63       00C8BA
__end_of_I2C1_DO_SEND_RESTART                   text57       00C834
__end_of_I2C1_DO_SEND_RESTART_READ              text59       00C824
__end_of_I2C1_DO_SEND_RESTART_WRITE             text58       00C82C
__end_of_I2C1_DO_SEND_STOP                      text56       00C83C
__end_of_I2C1_DO_TX                             text62       00D56E
__end_of_I2C1_DO_TX_EMPTY                       text66       00D2B6
__end_of_I2C1_Initialize                        text30       00C8EE
__end_of_I2C1_MasterClearIrq                    text90       00C7FC
__end_of_I2C1_MasterClose                       text89       00C7DA
__end_of_I2C1_MasterDisableIrq                  text88       00C802
__end_of_I2C1_MasterEnableRestart               text85       00C7E2
__end_of_I2C1_MasterFsm                         text50       00D1CC
__end_of_I2C1_MasterGetRxData                   text71       00C7F6
__end_of_I2C1_MasterIsNack                      text68       00C928
__end_of_I2C1_MasterOpen                        text45       00CA4E
__end_of_I2C1_MasterOperation                   text47       00CCCE
[...]
__ptext61                                       text61       00D2B6
__ptext62                                       text62       00D4AE
__ptext63                                       text63       00C8AA
__ptext64                                       text64       00C89A
__ptext65                                       text65       00C85C
__ptext66                                       text66       00D23E
__ptext67                                       text67       00C80E
__ptext68                                       text68       00C914
__ptext69                                       text69       00C814
__ptext7                                        text7        00D400
__ptext70                                       text70       00C808
__ptext71                                       text71       00C7F2
__ptext72                                       text72       00C802
__ptext73                                       text73       00C7EE
__ptext74                                       text74       00CBAA
__ptext75                                       text75       00CAD4
__ptext76                                       text76       00CAB2
__ptext77                                       text77       00CA90
__ptext78                                       text78       00C7EA
__ptext79                                       text79       00C7E6
__ptext8                                        text8        00F4BA
__ptext80                                       text80       00CA6E
__ptext81                                       text81       00C900
__ptext82                                       text82       00CE9C
__ptext83                                       text83       00CA0E
__ptext84                                       text84       00C7E2
__ptext85                                       text85       00C7DE
__ptext86                                       text86       00C7DA
__ptext87                                       text87       00CB1E
__ptext88                                       text88       00C7FC
__ptext89                                       text89       00C7D6
__ptext9                                        text9        00CC16
__ptext90                                       text90       00C7F6
__ptext91                                       text91       00C952
__ptext92                                       text92       00C980
__ptext93                                       text93       00C93C
__ramtop                                        ramtop       001000
__smallconst                                    mediumconst  00FE94
_buzzerOverride                                 bssBANK0     0000F1
_dbuf                                           bssBANK1     00010C
_efgtoa                                         text8        00F4BA
_efgtoa$2419                                    cstackBANK0  000066
_eusart1RxLastError                             bssBANK0     0000FD
_flags                                          bssBANK0     0000EC
_floorf                                         text18       00DCA4
_fputc                                          text12       00D56E
_fputs                                          text11       00CCCE
_i2c1_fsmStateTable                             mediumconst  00FE95
_labs                                           text17       00CE46
_led1_manual                                    bssBANK0     0000F0
_led2_manual                                    bssBANK0     0000EF
_main                                           text0        00EDBC
_main$1712                                      cstackBANK0  0000B0
_main$1714                                      cstackBANK0  0000B1
_memcpy                                         text16       00CDA0
_nearQualified                                  bssBANK0     0000ED
_nearStartTime                                  bssBANK0     0000DC
_pState                                         bssBANK0     0000EE
_pad                                            text10       00D086
_prec                                           bssBANK0     0000E6
_presenceHoldStart                              bssBANK0     0000E0
_printf                                         text1        00CA4E
_putch                                          text13       00C9D2
_rd1RegCompleteHandler                          text77       00CA90
_rd2RegCompleteHandler                          text76       00CAB2
_rdBlkRegCompleteHandler                        text74       00CBAA
_read_prec_or_width                             text7        00D400
_strcpy                                         text9        00CC16
_utoa                                           text4        00D706
_vfpfcnvrt                                      text3        00DEB6
_vfprintf                                       text2        00CD56
_width                                          bssBANK0     0000E4
_wr1RegCompleteHandler                          text75       00CAD4
_wr2RegCompleteHandler                          text80       00CA6E
efgtoa@c                                        cstackCOMRAM 00005B
efgtoa@d                                        cstackBANK0  00006B
efgtoa@e                                        cstackBANK0  00006F
efgtoa@f                                        cstackCOMRAM 000057
efgtoa@fp                                       cstackCOMRAM 000055
efgtoa@g                                        cstackBANK0  000082
efgtoa@h                                        cstackBANK0  000079
efgtoa@i                                        cstackBANK0  000077
efgtoa@l                                        cstackBANK0  00007D
efgtoa@m                                        cstackBANK0  00006D
efgtoa@mode                                     cstackBANK0  000069
efgtoa@n                                        cstackBANK0  000086
efgtoa@ne                                       cstackBANK0  000060
efgtoa@nmode                                    cstackBANK0  00006A
efgtoa@ou                                       cstackBANK0  000073
efgtoa@p                                        cstackBANK0  000062
efgtoa@pp                                       cstackBANK0  000068
efgtoa@sign                                     cstackBANK0  000081
efgtoa@t                                        cstackBANK0  000064
efgtoa@u                                        cstackBANK0  000088
efgtoa@w                                        cstackBANK0  000071
end_of_initialization                           cinit        00CA08
floorf@F521                                     bssBANK1     000100
floorf@e                                        cstackCOMRAM 00004F
floorf@m                                        cstackCOMRAM 00004B
floorf@u                                        cstackCOMRAM 000051
floorf@x                                        cstackCOMRAM 000041
fputc@c                                         cstackCOMRAM 000003
fputc@fp                                        cstackCOMRAM 000005
fputs@c                                         cstackCOMRAM 000010
fputs@fp                                        cstackCOMRAM 00000E
fputs@i                                         cstackCOMRAM 000011
fputs@s                                         cstackCOMRAM 00000C
intlevel0                                       text         000000
intlevel1                                       text         000000
intlevel2                                       text         000000
intlevel3                                       text         000000
isa$std                                         (abs)        000001
isa$xinst                                       (abs)        000000
labs@a                                          cstackCOMRAM 000001
main@batt                                       cstackBANK0  0000B2
main@i                                          cstackBANK0  0000B9
main@i_1710                                     cstackBANK0  0000B7
main@inNearRange                                cstackBANK0  0000B6
main@inStrongRange                              cstackBANK0  0000BA
main@key                                        cstackBANK0  0000AF
main@lastBlinkTime                              cstackBANK0  0000AB
main@msCounter                                  bssBANK0     0000D8
memcpy@d                                        cstackCOMRAM 000008
memcpy@d1                                       cstackCOMRAM 000001
memcpy@n                                        cstackCOMRAM 000005
memcpy@s                                        cstackCOMRAM 00000A
memcpy@s1                                       cstackCOMRAM 000003
memcpy@tmp                                      cstackCOMRAM 000007
pad@buf                                         cstackCOMRAM 000015
pad@fp                                          cstackCOMRAM 000013
pad@i                                           cstackCOMRAM 00001A
pad@p                                           cstackCOMRAM 000017
printf@ap                                       cstackBANK0  0000A6
printf@fmt                                      cstackBANK0  00009E
putch@data                                      cstackCOMRAM 000002
rd1RegCompleteHandler@ptr                       cstackCOMRAM 000008
rd2RegCompleteHandler@ptr                       cstackCOMRAM 000008
rdBlkRegCompleteHandler@ptr                     cstackCOMRAM 000008
read_prec_or_width@ap                           cstackCOMRAM 000002
read_prec_or_width@c                            cstackCOMRAM 000005
read_prec_or_width@fmt                          cstackCOMRAM 000001
read_prec_or_width@n                            cstackCOMRAM 000006
stackhi                                         (abs)        000000
stacklo                                         (abs)        000000
start                                           init         00FFFC
start_initialization                            cinit        00C9F0
strcpy@d                                        cstackCOMRAM 000005
strcpy@dest                                     cstackCOMRAM 000001
strcpy@src                                      cstackCOMRAM 000003
utoa@d                                          cstackCOMRAM 00001E
utoa@fp                                         cstackCOMRAM 00001C
utoa@i                                          cstackCOMRAM 000024
utoa@p                                          cstackCOMRAM 000022
utoa@w                                          cstackCOMRAM 000020
vfpfcnvrt@ap                                    cstackBANK0  00008F
vfpfcnvrt@c                                     cstackBANK0  000094
vfpfcnvrt@convarg                               cstackBANK0  000090
vfpfcnvrt@cp                                    cstackBANK0  000095
vfpfcnvrt@fmt                                   cstackBANK0  00008E
vfpfcnvrt@fp                                    cstackBANK0  00008C
vfprintf@ap                                     cstackBANK0  00009B
vfprintf@cfmt                                   cstackBANK0  00009C
vfprintf@fmt                                    cstackBANK0  000099
vfprintf@fp                                     cstackBANK0  000097
wr1RegCompleteHandler@ptr                       cstackCOMRAM 000008
wr2RegCompleteHandler@ptr                       cstackCOMRAM 000008


MODULE INFORMATION

Module		Function		Class		Link	Load	Size
C:\Program Files\Microchip\xc8\v3.10\pic\sources\c99\common\flge.c
		___flge        		CODE           	D8E6	0000	260

C:\Program Files\Microchip\xc8\v3.10\pic\sources\c99\common\flge.c estimated size: 260

C:\Program Files\Microchip\xc8\v3.10\pic\sources\c99\common\lwmod.c
		___lwmod       		CODE           	CFBA	0000	100

C:\Program Files\Microchip\xc8\v3.10\pic\sources\c99\common\lwmod.c estimated size: 100

C:\Program Files\Microchip\xc8\v3.10\pic\sources\c99\common\memcpy.c
		_memcpy        		CODE           	CDA0	0000	80

C:\Program Files\Microchip\xc8\v3.10\pic\sources\c99\common\memcpy.c estimated size: 80

mcc_generated_files/i2c1_master.c
		_I2C1_DO_SEND_RESTART		CODE           	C82C	0000	8
		_I2C1_DO_TX_EMPTY		CODE           	D23E	0000	120
		_I2C1_DO_SEND_RESTART_READ		CODE           	C81C	0000	8
		_I2C1_CallbackReturnStop		CODE           	C7E6	0000	4
		_I2C1_DO_RX    		CODE           	D2B6	0000	160
		_I2C1_DO_TX    		CODE           	D4AE	0000	192
		_I2C1_SetAddressNackCallback		CODE           	C928	0000	20
		_I2C1_DO_IDLE  		CODE           	C85C	0000	10
		_I2C1_MasterOpen		CODE           	CA2E	0000	32
		_I2C1_DO_RCEN  		CODE           	C88E	0000	12
		_I2C1_MasterSendTxData		CODE           	C814	0000	8
		_I2C1_MasterStop		CODE           	C7E2	0000	4
		_I2C1_CallbackReturnReset		CODE           	C7EA	0000	4
		_I2C1_DO_RESET 		CODE           	C866	0000	10
		_I2C1_MasterStartRx		CODE           	C7EE	0000	4
		_I2C1_Poller   		CODE           	C9B4	0000	30
		_I2C1_DO_RX_ACK		CODE           	C83C	0000	8
		_I2C1_MasterWaitForEvent		CODE           	C8CA	0000	18
		_I2C1_MasterSendNack		CODE           	C802	0000	6
		_I2C1_DO_RX_NACK_RESTART		CODE           	C84C	0000	8
		_I2C1_MasterDisableIrq		CODE           	C7FC	0000	6
		_I2C1_MasterOperation		CODE           	CC8C	0000	66
		_I2C1_SetCallback		CODE           	CE9C	0000	88
		_I2C1_MasterEnableRestart		CODE           	C7DE	0000	4
		_I2C1_Open     		CODE           	D0EE	0000	110
		_I2C1_DO_ADDRESS_NACK		CODE           	CEF4	0000	98
		_I2C1_SetBuffer		CODE           	CA0E	0000	32
		_I2C1_DO_SEND_RESTART_WRITE		CODE           	C824	0000	8
		_I2C1_MasterClose		CODE           	C7D6	0000	4
		_I2C1_MasterWrite		CODE           	C854	0000	8
		_I2C1_Initialize		CODE           	C8DC	0000	18
		_I2C1_Close    		CODE           	CB1E	0000	44
		_I2C1_MasterIsNack		CODE           	C914	0000	20
		_I2C1_MasterStart		CODE           	C7DA	0000	4
		_I2C1_DO_SEND_ADR_WRITE		CODE           	C8AA	0000	16
		_I2C1_MasterClearIrq		CODE           	C7F6	0000	6
		_I2C1_SetDataCompleteCallback		CODE           	C900	0000	20
		_I2C1_DO_SEND_STOP		CODE           	C834	0000	8
		_I2C1_MasterSendAck		CODE           	C808	0000	6
		_I2C1_MasterFsm		CODE           	D15C	0000	112
		_I2C1_MasterGetRxData		CODE           	C7F2	0000	4
		_I2C1_MasterSetIrq		CODE           	C80E	0000	6
		_I2C1_DO_SEND_ADR_READ		CODE           	C89A	0000	16
		_I2C1_DO_RX_NACK_STOP		CODE           	C844	0000	8

mcc_generated_files/i2c1_master.c estimated size: 1378

C:\Program Files\Microchip\xc8\v3.10\pic\sources\c99\common\nf_fputs.c
		_fputs         		CODE           	CCCE	0000	66

C:\Program Files\Microchip\xc8\v3.10\pic\sources\c99\common\nf_fputs.c estimated size: 66

mcc_generated_files/pin_manager.c
		_PIN_MANAGER_Initialize		CODE           	CDF0	0000	86

mcc_generated_files/pin_manager.c estimated size: 86

C:\Program Files\Microchip\xc8\v3.10\pic\sources\c99\common\printf.c
		_printf        		CODE           	CA4E	0000	32

C:\Program Files\Microchip\xc8\v3.10\pic\sources\c99\common\printf.c estimated size: 32

C:\Program Files\Microchip\xc8\v3.10\pic\sources\c99\common\floorf.c
		_floorf        		CODE           	DCA4	0000	530

C:\Program Files\Microchip\xc8\v3.10\pic\sources\c99\common\floorf.c estimated size: 530

C:\Program Files\Microchip\xc8\v3.10\pic\sources\c99\common\lwdiv.c
		___lwdiv       		CODE           	D1CC	0000	114

C:\Program Files\Microchip\xc8\v3.10\pic\sources\c99\common\lwdiv.c estimated size: 114

C:\Program Files\Microchip\xc8\v3.10\pic\sources\c99\common\__fpclassifyf.c
		___fpclassifyf 		CODE           	D7EE	0000	248

C:\Program Files\Microchip\xc8\v3.10\pic\sources\c99\common\__fpclassifyf.c estimated size: 248

C:\Program Files\Microchip\xc8\v3.10\pic\sources\c99\common\fltol.c
		___fltol       		CODE           	D9EA	0000	262

C:\Program Files\Microchip\xc8\v3.10\pic\sources\c99\common\fltol.c estimated size: 262

C:\Program Files\Microchip\xc8\v3.10\pic\sources\c99\common\sprcmul.c
		___flmul       		CODE           	E4E0	0000	1062

C:\Program Files\Microchip\xc8\v3.10\pic\sources\c99\common\sprcmul.c estimated size: 1062

C:\Program Files\Microchip\xc8\v3.10\pic\sources\c99\common\fleq.c
		___fleq        		CODE           	D356	0000	170

C:\Program Files\Microchip\xc8\v3.10\pic\sources\c99\common\fleq.c estimated size: 170

mcc_generated_files/i2c1_master_ex.c
		_wr1RegCompleteHandler		CODE           	CAD4	0000	34
		_wr2RegCompleteHandler		CODE           	CA6E	0000	34
		_I2C1_Write1ByteRegister		CODE           	CF56	0000	100
		_rdBlkRegCompleteHandler		CODE           	CBAA	0000	52
		_rd1RegCompleteHandler		CODE           	CA90	0000	34
		_rd2RegCompleteHandler		CODE           	CAB2	0000	34
		_I2C1_Read1ByteRegister		CODE           	D01E	0000	104

mcc_generated_files/i2c1_master_ex.c estimated size: 392

C:\Program Files\Microchip\xc8\v3.10\pic\sources\c99\common\xxtofl.c
		___xxtofl      		CODE           	DAF0	0000	436

C:\Program Files\Microchip\xc8\v3.10\pic\sources\c99\common\xxtofl.c estimated size: 436

C:\Program Files\Microchip\xc8\v3.10\pic\sources\c99\common\sprcdiv.c
		___fldiv       		CODE           	E152	0000	910

C:\Program Files\Microchip\xc8\v3.10\pic\sources\c99\common\sprcdiv.c estimated size: 910

shared
		__initialization		CODE           	C9F0	0000	24
		_i2c1_fsmStateTable		MEDIUMCONST    	FE95	0000	32

shared estimated size: 56

mcc_generated_files/eusart1.c
		_EUSART1_is_rx_ready		CODE           	C952	0000	22
		_EUSART1_is_tx_ready		CODE           	CAF6	0000	40
		_EUSART1_Initialize		CODE           	CC50	0000	60
		_EUSART1_SetFramingErrorHandler		CODE           	C87A	0000	10
		_EUSART1_Read  		CODE           	C980	0000	26
		_EUSART1_SetOverrunErrorHandler		CODE           	C884	0000	10
		_EUSART1_SetErrorHandler		CODE           	C870	0000	10
		_EUSART1_Write 		CODE           	C968	0000	24

mcc_generated_files/eusart1.c estimated size: 202

mcc_generated_files/mcc.c
		_PMD_Initialize		CODE           	C8BA	0000	16
		_OSCILLATOR_Initialize		CODE           	C8EE	0000	18
		_SYSTEM_Initialize		CODE           	C99A	0000	26

mcc_generated_files/mcc.c estimated size: 60

C:\Program Files\Microchip\xc8\v3.10\pic\sources\c99\common\strcpy.c
		_strcpy        		CODE           	CC16	0000	58

C:\Program Files\Microchip\xc8\v3.10\pic\sources\c99\common\strcpy.c estimated size: 58

C:\Program Files\Microchip\xc8\v3.10\pic\sources\c99\common\nf_fputc.c
		_fputc         		CODE           	D56E	0000	202

C:\Program Files\Microchip\xc8\v3.10\pic\sources\c99\common\nf_fputc.c estimated size: 202

C:\Program Files\Microchip\xc8\v3.10\pic\sources\c99\common\flneg.c
		___flneg       		CODE           	CBDE	0000	56

C:\Program Files\Microchip\xc8\v3.10\pic\sources\c99\common\flneg.c estimated size: 56

mcc_generated_files/adcc.c
		_ADCC_GetSingleConversion		CODE           	CB4A	0000	48
		_ADCC_GetConversionResult		CODE           	C93C	0000	22
		_ADCC_Initialize		CODE           	CB7A	0000	48

mcc_generated_files/adcc.c estimated size: 118

C:\Program Files\Microchip\xc8\v3.10\pic\sources\c99\common\doprnt.c
		_read_prec_or_width		CODE           	D400	0000	174
		_vfpfcnvrt     		CODE           	DEB6	0000	668
		_efgtoa        		CODE           	F4BA	0000	2522
		_pad           		CODE           	D086	0000	104
		_vfprintf      		CODE           	CD56	0000	74
		_utoa          		CODE           	D706	0000	232

C:\Program Files\Microchip\xc8\v3.10\pic\sources\c99\common\doprnt.c estimated size: 3774

main.c
		_putch         		CODE           	C9D2	0000	30
		_main          		CODE           	EDBC	0000	1790
		_Read_BatteryVoltage		CODE           	D638	0000	206

main.c estimated size: 2026

C:\Program Files\Microchip\xc8\v3.10\pic\sources\c99\common\labs.c
		_labs          		CODE           	CE46	0000	86

C:\Program Files\Microchip\xc8\v3.10\pic\sources\c99\common\labs.c estimated size: 86

C:\Program Files\Microchip\xc8\v3.10\pic\sources\c99\common\sprcadd.c
		___flsub       		CODE           	CD10	0000	70
		___fladd       		CODE           	E906	0000	1206

C:\Program Files\Microchip\xc8\v3.10\pic\sources\c99\common\sprcadd.c estimated size: 1276

